[
  {
    "displayName": "displayname",
    "rules": [
      {
        "action": "goto_next",
        "description": "term-numbered-protocol: Generic description",
        "direction": "INGRESS",
        "enableLogging": false,
        "match": {
          "config": {
            "layer4Configs": [
              {
                "ipProtocol": "2"
              }
            ],
            "srcIpRanges": [
              "0.0.0.0/0"
            ]
          },
          "versionedExpr": "FIREWALL"
        },
        "priority": 1
      }
    ],
    "type": "FIREWALL"
  }
]


