apiVersion: networking.k8s.io/v1
items:
- apiVersion: networking.k8s.io/v1
  kind: NetworkPolicy
  metadata:
    annotations:
      comment: DNS access from corp.
      owner: myself
    name: gcp-to-gcp
  spec:
    ingress:
    - from:
      - ipBlock:
          cidr: 10.2.3.4/32
      - ipBlock:
          cidr: 2001:4860:8000::5/128
      ports:
      - port: 53
        protocol: UDP
      - port: 53
        protocol: TCP
    podSelector: {}
    policyTypes:
    - Ingress
kind: NetworkPolicyList

apiVersion: networking.k8s.io/v1
items:
- apiVersion: networking.k8s.io/v1
  kind: NetworkPolicy
  metadata:
    annotations:
      comment: DNS access from corp.
      owner: myself
    name: default-deny
  spec:
    ingress:
    - from:
      - ipBlock:
          cidr: 10.2.3.4/32
      - ipBlock:
          cidr: 2001:4860:8000::5/128
      ports:
      - port: 53
        protocol: UDP
      - port: 53
        protocol: TCP
    podSelector: {}
    policyTypes:
    - Ingress
kind: NetworkPolicyList

apiVersion: networking.k8s.io/v1
items:
- apiVersion: networking.k8s.io/v1
  kind: NetworkPolicy
  metadata:
    annotations:
      comment: DNS access from corp.
      owner: myself
    name: google-web
  spec:
    ingress:
    - from:
      - ipBlock:
          cidr: 10.2.3.4/32
      - ipBlock:
          cidr: 2001:4860:8000::5/128
      ports:
      - port: 53
        protocol: UDP
      - port: 53
        protocol: TCP
    podSelector: {}
    policyTypes:
    - Ingress
kind: NetworkPolicyList

apiVersion: networking.k8s.io/v1
items:
- apiVersion: networking.k8s.io/v1
  kind: NetworkPolicy
  metadata:
    annotations:
      comment: DNS access from corp.
      owner: myself
    name: zo6hmxkfibardh6tgbiy7ua6
  spec:
    ingress:
    - from:
      - ipBlock:
          cidr: 10.2.3.4/32
      - ipBlock:
          cidr: 2001:4860:8000::5/128
      ports:
      - port: 53
        protocol: UDP
      - port: 53
        protocol: TCP
    podSelector: {}
    policyTypes:
    - Ingress
kind: NetworkPolicyList

apiVersion: networking.k8s.io/v1
items:
- apiVersion: networking.k8s.io/v1
  kind: NetworkPolicy
  metadata:
    annotations:
      comment: DNS access from corp.
      owner: myself
    name: http.frontend.web.com
  spec:
    ingress:
    - from:
      - ipBlock:
          cidr: 10.2.3.4/32
      - ipBlock:
          cidr: 2001:4860:8000::5/128
      ports:
      - port: 53
        protocol: UDP
      - port: 53
        protocol: TCP
    podSelector: {}
    policyTypes:
    - Ingress
kind: NetworkPolicyList

