config firewall address
    edit MIXED_P_0
        set type ipmask
        set subnet 1.1.1.1 255.255.255.255
    next
    edit MIXED_Q_0
        set type ipmask
        set subnet 1.1.1.3 255.255.255.255
    next
end
config firewall addrgrp
    edit MIXED_P
        set member "MIXED_P_0"
    next
    edit MIXED_Q
        set member "MIXED_Q_0"
    next
    edit good-term-1-source
        set member "MIXED_P"
        set exclude enable
        set exclude-member "MIXED_Q"
    next
end
config firewall address6
    edit MIXED_P_0
        set type ipprefix
        set ip6 2001:db8::1/128
    next
    edit MIXED_Q_0
        set type ipprefix
        set ip6 2001:db8::3/128
    next
end
config firewall addrgrp6
    edit MIXED_P
        set member "MIXED_P_0"
    next
    edit MIXED_Q
        set member "MIXED_Q_0"
    next
    edit good-term-1-source
        set member "MIXED_P"
        set exclude enable
        set exclude-member "MIXED_Q"
    next
end
config firewall policy
    edit 1
        set name "good-term-1"
        set srcintf "port1"
        set dstintf "port2"
        set action accept
        set srcaddr "good-term-1-source"
        set dstaddr "all"
        set srcaddr6 "good-term-1-source"
        set dstaddr6 "all"
        set schedule "always"
        set service "ALL"
        set logtraffic disable
    next
end
