config firewall address6
    edit V6_X_0
        set type ipprefix
        set ip6 2001:db8::1/128
    next
    edit V6_X_1
        set type ipprefix
        set ip6 2001:db8::2/128
    next
end
config firewall addrgrp6
    edit V6_X
        set member "V6_X_0" "V6_X_1"
    next
end
config firewall policy
    edit 1
        set name "good-term-1"
        set srcintf "port1"
        set dstintf "port2"
        set action accept
        set srcaddr6 "all"
        set dstaddr6 "V6_X"
        set schedule "always"
        set service "ALL"
        set logtraffic disable
    next
end
