config firewall address
    edit BAR_0
        set type ipmask
        set subnet 10.1.1.3 255.255.255.255
    next
    edit BAR_1
        set type ipmask
        set subnet 10.1.1.4 255.255.255.255
    next
    edit MIXED_IP_0
        set type ipmask
        set subnet 10.1.1.1 255.255.255.255
    next
end
config firewall addrgrp
    edit BAR
        set member "BAR_0" "BAR_1"
    next
    edit MIXED_IP
        set member "MIXED_IP_0"
    next
end
config firewall service custom
    edit good-mixed-term
        set tcp-portrange 53:80
        set udp-portrange 53:80
    next
end
config firewall policy
    edit 1
        set name "good-mixed-term"
        set srcintf "port1"
        set dstintf "port2"
        set action accept
        set srcaddr "MIXED_IP"
        set dstaddr "BAR"
        set schedule "always"
        set service "good-mixed-term"
    next
end
