config firewall address
    edit BAR_0
        set type ipmask
        set subnet 10.1.1.3 255.255.255.255
    next
    edit BAR_1
        set type ipmask
        set subnet 10.1.1.4 255.255.255.255
    next
    edit FOO_0
        set type ipmask
        set subnet 10.1.1.1 255.255.255.255
    next
    edit FOO_1
        set type ipmask
        set subnet 10.1.1.2 255.255.255.255
    next
end
config firewall addrgrp
    edit BAR
        set member "BAR_0" "BAR_1"
    next
    edit FOO
        set member "FOO_0" "FOO_1"
    next
end
config firewall policy
    edit 1
        set name "no-services"
        set srcintf "port1"
        set dstintf "port2"
        set action accept
        set srcaddr "FOO"
        set dstaddr "BAR"
        set schedule "always"
        set service "ALL"
        set logtraffic disable
    next
end
