[
  {
    "acl-entries": {
      "acl-entry": [
        {
          "actions": {
            "config": {
              "forwarding-action": "ACCEPT"
            }
          },
          "ipv4": {
            "config": {
              "protocol": 17
            }
          },
          "sequence-id": 5,
          "transport": {
            "config": {
              "destination-port": "1024..65535",
              "source-port": "1024..65535"
            }
          }
        },
        {
          "actions": {
            "config": {
              "forwarding-action": "ACCEPT"
            }
          },
          "ipv4": {
            "config": {
              "protocol": 6
            }
          },
          "sequence-id": 10,
          "transport": {
            "config": {
              "destination-port": "1024..65535",
              "source-port": "1024..65535"
            }
          }
        }
      ]
    },
    "config": {
      "name": "good-name-v4",
      "type": "ACL_IPV4"
    },
    "name": "good-name-v4",
    "type": "ACL_IPV4"
  }
]


