[
  {
    "actions": {
      "config": {
        "forwarding-action": "ACCEPT"
      }
    },
    "ipv4": {
      "config": {
        "destination-address": "10.2.3.4/32"
      }
    },
    "sequence-id": 5
  },
  {
    "actions": {
      "config": {
        "forwarding-action": "ACCEPT"
      }
    },
    "ipv6": {
      "config": {
        "destination-address": "2001:4860:8000::5/128"
      }
    },
    "sequence-id": 10
  }
]


