firewall {
    family inet {
        /*
         ** $Id:$
         ** $Date:$
         ** $Revision:$
         **
         ** this is a test acl
         */
        replace: filter test-filter {
            interface-specific;
            term good-term-4 {
                from {
                    protocol icmp;
                }
                then accept;
            }
        }
    }
}

