[
  {
    "allowed": [
      {
        "IPProtocol": "udp",
        "ports": [
          "53"
        ]
      },
      {
        "IPProtocol": "tcp",
        "ports": [
          "53"
        ]
      }
    ],
    "description": "DNS access from corp.",
    "direction": "INGRESS",
    "name": "default-good-term-1",
    "network": "global/networks/default",
    "priority": "1",
    "sourceRanges": [
      "10.2.3.4/32"
    ],
    "targetTags": [
      "dns-servers"
    ]
  }
]


