[
  {
    "allowed": [
      {
        "IPProtocol": "udp"
      },
      {
        "IPProtocol": "tcp"
      }
    ],
    "description": "Allow all GCE network internal traffic.",
    "direction": "INGRESS",
    "name": "good-term-1",
    "sourceRanges": [
      "10.2.3.4/32"
    ],
    "sourceTags": [
      "internal-servers"
    ]
  },
  {
    "denied": [
      {
        "IPProtocol": "all"
      }
    ],
    "description": "default_deny.",
    "direction": "INGRESS",
    "name": "default-deny",
    "priority": 65534,
    "sourceRanges": [
      "0.0.0.0/0"
    ]
  },
  {
    "denied": [
      {
        "IPProtocol": "all"
      }
    ],
    "description": "default_deny.",
    "direction": "INGRESS",
    "name": "default-deny-v6",
    "priority": 65534,
    "sourceRanges": [
      "::/0"
    ]
  }
]


