[
  {
    "action": "allow",
    "description": "Sample CloudArmor Allow Rule",
    "match": {
      "config": {
        "srcIpRanges": [
          "10.2.3.4/32",
          "2001:4860:8000::5/128"
        ]
      },
      "versionedExpr": "SRC_IPS_V1"
    },
    "preview": false,
    "priority": 1
  },
  {
    "action": "deny(404)",
    "description": "Sample Deny Rule",
    "match": {
      "config": {
        "srcIpRanges": [
          "10.2.3.4/32",
          "2001:4860:8000::5/128"
        ]
      },
      "versionedExpr": "SRC_IPS_V1"
    },
    "preview": false,
    "priority": 2
  }
]


