<?xml version="1.0" ?>
<!--
$Id:$
$Date:$
$Revision:$
-->
<section name="MIXED_HEADER_NAME">
  <rule logged="false">
    <name>permit-mail-services</name>
    <action>allow</action>
    <destinations excluded="false">
      <destination>
        <type>Ipv4Address</type>
        <value>10.0.0.0/8</value>
      </destination>
    </destinations>
    <services>
      <service>
        <protocol>6</protocol>
        <destinationPort>25</destinationPort>
      </service>
    </services>
  </rule>
</section>

