<?xml version="1.0" ?>
<!--
$Id:$
$Date:$
$Revision:$
-->
<section id="1007" name="POLICY_NAME">
  <rule logged="false">
    <name>reject-imap-requests</name>
    <action>reject</action>
    <destinations excluded="false">
      <destination>
        <type>Ipv4Address</type>
        <value>200.1.1.4/31</value>
      </destination>
    </destinations>
    <services>
      <service>
        <protocol>6</protocol>
        <destinationPort>143</destinationPort>
      </service>
    </services>
  </rule>
</section>

