firewall {
    family inet {
        /*
         ** $Id:$
         ** $Date:$
         ** $Revision:$
         **
         ** this is a test acl
         */
        replace: filter test-filter {
            interface-specific;
            term established-term-1 {
                from {
                    protocol tcp;
                    source-port 53;
                    destination-port 1024-65535;
                    tcp-established;
                }
                then accept;
            }
        }
    }
}

