firewall {
    family inet {
        /*
         ** $Id:$
         ** $Date:$
         ** $Revision:$
         **
         ** this is a test acl
         */
        replace: filter test-filter {
            interface-specific;
            term good_term_34 {
                then {
                    traffic-class-count floop;
                    discard;
                }
            }
        }
    }
}

