# Iptables INPUT Policy
# this is a test acl
#
# $Id:$
# $Date:$
# $Revision:$
# inet
-P INPUT ACCEPT
-N I_good_term_13
-A INPUT -j I_good_term_13
-A I_good_term_13 -p all -m state --state NEW,ESTABLISHED,RELATED -m --limit 99/day -j LOG --log-prefix good_term_13
-A I_good_term_13 -p all -m state --state NEW,ESTABLISHED,RELATED -j ACCEPT

