<?xml version="1.0" ?>
<config version="8.1.0" urldb="paloaltonetworks">
  <devices>
    <entry name="localhost.localdomain">
      <vsys>
        <entry name="vsys1">
          <application>
            <entry name="icmp-echo-request">
              <category>networking</category>
              <subcategory>ip-protocol</subcategory>
              <technology>network-protocol</technology>
              <description>icmp-echo-request</description>
              <default>
                <ident-by-icmp-type>
                  <type>8</type>
                </ident-by-icmp-type>
              </default>
              <risk>4</risk>
            </entry>
            <entry name="icmp-echo-reply">
              <category>networking</category>
              <subcategory>ip-protocol</subcategory>
              <technology>network-protocol</technology>
              <description>icmp-echo-reply</description>
              <default>
                <ident-by-icmp-type>
                  <type>0</type>
                </ident-by-icmp-type>
              </default>
              <risk>4</risk>
            </entry>
            <entry name="icmp-unreachable">
              <category>networking</category>
              <subcategory>ip-protocol</subcategory>
              <technology>network-protocol</technology>
              <description>icmp-unreachable</description>
              <default>
                <ident-by-icmp-type>
                  <type>3</type>
                </ident-by-icmp-type>
              </default>
              <risk>4</risk>
            </entry>
          </application>
          <application-group/>
          <!-- Services -->
          <service/>
          <!-- Rules -->
          <rulebase>
            <security>
              <rules>
                <entry name="test-icmp">
                  <to>
                    <member>untrust</member>
                  </to>
                  <from>
                    <member>trust</member>
                  </from>
                  <source>
                    <member>any-ipv4</member>
                  </source>
                  <destination>
                    <member>any-ipv4</member>
                  </destination>
                  <service>
                    <member>application-default</member>
                  </service>
                  <action>allow</action>
                  <rule-type>interzone</rule-type>
                  <application>
                    <member>icmp-echo-request</member>
                    <member>icmp-echo-reply</member>
                    <member>icmp-unreachable</member>
                  </application>
                  <tag>
                    <member>trust_untrust_policy-comment-1</member>
                  </tag>
                </entry>
              </rules>
            </security>
          </rulebase>
          <!-- Address Groups -->
          <address-group/>
          <!-- Addresses -->
          <address>
            <entry name="any-ipv4">
              <description>Object to match all IPv4 addresses; negate to match all IPv6 addresses.</description>
              <ip-range>0.0.0.0-255.255.255.255</ip-range>
            </entry>
          </address>
          <tag>
            <entry name="trust_untrust_policy-comment-1">
              <comments>This is a test acl with a comment</comments>
            </entry>
          </tag>
        </entry>
      </vsys>
    </entry>
  </devices>
</config>

