<?xml version="1.0" ?>
<config urldb="paloaltonetworks" version="8.1.0">
  <devices>
    <entry name="localhost.localdomain">
      <vsys>
        <entry name="vsys1">
          <application/>
          <application-group/>
          <!-- Services -->
          <service>
            <entry name="any-tcp">
              <protocol>
                <tcp>
                  <port>0-65535</port>
                </tcp>
              </protocol>
            </entry>
          </service>
          <!-- Rules -->
          <rulebase>
            <security>
              <rules>
                <entry name="test-mixed-protocol-1">
                  <description>Applications and Services should be split into separate terms.</description>
                  <to>
                    <member>untrust</member>
                  </to>
                  <from>
                    <member>trust</member>
                  </from>
                  <source>
                    <member>FOOBAR</member>
                  </source>
                  <destination>
                    <member>any</member>
                  </destination>
                  <service>
                    <member>any-tcp</member>
                  </service>
                  <action>allow</action>
                  <rule-type>interzone</rule-type>
                  <application>
                    <member>any</member>
                  </application>
                  <tag>
                    <member>trust_untrust_policy-comment-1</member>
                  </tag>
                </entry>
                <entry name="test-mixed-protocol-2">
                  <description>Applications and Services should be split into separate terms.</description>
                  <to>
                    <member>untrust</member>
                  </to>
                  <from>
                    <member>trust</member>
                  </from>
                  <source>
                    <member>FOOBAR</member>
                  </source>
                  <destination>
                    <member>any</member>
                  </destination>
                  <service>
                    <member>application-default</member>
                  </service>
                  <action>allow</action>
                  <rule-type>interzone</rule-type>
                  <application>
                    <member>ipsec-ah</member>
                  </application>
                  <tag>
                    <member>trust_untrust_policy-comment-1</member>
                  </tag>
                </entry>
              </rules>
            </security>
          </rulebase>
          <!-- Address Groups -->
          <address-group>
            <entry name="FOOBAR">
              <static>
                <member>FOOBAR_0</member>
              </static>
            </entry>
          </address-group>
          <!-- Addresses -->
          <address>
            <entry name="FOOBAR_0">
              <description>FOOBAR_0</description>
              <ip-netmask>0.0.0.0/0</ip-netmask>
            </entry>
          </address>
          <tag>
            <entry name="trust_untrust_policy-comment-1">
              <comments>This is a test acl with a comment</comments>
            </entry>
          </tag>
        </entry>
      </vsys>
    </entry>
  </devices>
</config>

