# $Id:$
# $Date:$
# $Revision:$
netdestination good-term-destination-is-user_src
  network 100.0.0.0 255.0.0.0
!

ip access-list session test-filter
  alias good-term-destination-is-user_src user tcp 1 permit
  alias good-term-destination-is-user_src user tcp 10 20 permit
  alias good-term-destination-is-user_src user tcp 53 55 permit
!

