[
  {
    "acl-filter": {
      "_annotate": "$Id:$ $Date:$ $Revision:$",
      "description": "The general policy comment.",
      "entry": [
        {
          "_annotate_description": "Allow TCP 53 dest.",
          "action": {
            "accept": {}
          },
          "description": "good-term-1",
          "match": {
            "destination-port": {
              "value": 53
            },
            "protocol": 6
          },
          "sequence-id": 5
        }
      ],
      "name": "good-name-v4",
      "type": "ipv4"
    }
  }
]


