[
  {
    "ipv6-filter": {
      "description": "The general policy comment.",
      "entry": [
        {
          "action": {
            "accept": {}
          },
          "description": "Allow destination address.",
          "match": {
            "destination-ip": {
              "prefix": "2001:4860:8000::5/128"
            }
          },
          "sequence-id": 5
        }
      ],
      "name": "good-name-v6"
    }
  }
]


