[
  {
    "acl-filter": {
      "_annotate": "$Id:$ $Date:$ $Revision:$",
      "description": "The general policy comment.",
      "entry": [
        {
          "_annotate_description": "Allow source address.",
          "action": {
            "accept": {}
          },
          "description": "good-term-1",
          "match": {
            "source-ip": {
              "prefix": "2001:4860:8000::5/128"
            }
          },
          "sequence-id": 5
        }
      ],
      "name": "good-name-v6",
      "type": "ipv6"
    }
  }
]


