[
  {
    "ipv4-filter": {
      "description": "The general policy comment.",
      "entry": [
        {
          "action": {
            "accept": {}
          },
          "match": {
            "protocol": 6,
            "source-port": {
              "value": 53
            },
            "tcp-flags": "ack|rst"
          },
          "sequence-id": 5
        }
      ],
      "name": "good-name-v4"
    }
  }
]


