[
  {
    "ipv4-filter": {
      "_annotate": "$Id:$ $Date:$ $Revision:$",
      "description": "The general policy comment.",
      "entry": [
        {
          "action": {
            "accept": {}
          },
          "description": "Allow TCP & UDP high.",
          "match": {
            "destination-port": {
              "range": {
                "end": 65535,
                "start": 1024
              }
            },
            "protocol": 17,
            "source-port": {
              "range": {
                "end": 65535,
                "start": 1024
              }
            }
          },
          "sequence-id": 5
        },
        {
          "action": {
            "accept": {}
          },
          "description": "Allow TCP & UDP high.",
          "match": {
            "destination-port": {
              "range": {
                "end": 65535,
                "start": 1024
              }
            },
            "protocol": 6,
            "source-port": {
              "range": {
                "end": 65535,
                "start": 1024
              }
            }
          },
          "sequence-id": 10
        }
      ],
      "name": "good-name-v4"
    }
  }
]


