[
  {
    "ipv4-filter": {
      "description": "The general policy comment.",
      "entry": [
        {
          "action": {
            "drop": {
              "log": true
            }
          },
          "description": "Deny TCP & UDP 53 with saddr/daddr and logging.",
          "match": {
            "destination-ip": {
              "prefix": "10.2.3.4/32"
            },
            "destination-port": {
              "value": 53
            },
            "protocol": 17,
            "source-ip": {
              "prefix": "10.2.3.4/32"
            }
          },
          "sequence-id": 5
        },
        {
          "action": {
            "drop": {
              "log": true
            }
          },
          "description": "Deny TCP & UDP 53 with saddr/daddr and logging.",
          "match": {
            "destination-ip": {
              "prefix": "10.2.3.4/32"
            },
            "destination-port": {
              "value": 53
            },
            "protocol": 6,
            "source-ip": {
              "prefix": "10.2.3.4/32"
            }
          },
          "sequence-id": 10
        }
      ]
    }
  }
]


