[
  {
    "ipv4-filter": {
      "_annotate": "$Id:$ $Date:$ $Revision:$",
      "description": "The general policy comment.",
      "entry": [
        {
          "action": {
            "accept": {}
          },
          "description": "udp-established-term-1",
          "match": {
            "destination-port": {
              "range": {
                "end": 65535,
                "start": 1024
              }
            },
            "protocol": 17,
            "source-port": {
              "value": 53
            }
          },
          "sequence-id": 5
        }
      ],
      "name": "good-name-v4",
      "statistics-per-entry": true
    }
  }
]


