[
  {
    "ipv4-filter": {
      "_annotate": "$Id:$ $Date:$ $Revision:$",
      "description": "The general policy comment.",
      "entry": [
        {
          "action": {
            "accept": {}
          },
          "description": "Allow destination address.",
          "match": {
            "destination-ip": {
              "prefix": "10.2.3.4/32"
            }
          },
          "sequence-id": 5
        }
      ],
      "name": "good-name-v4"
    }
  }
]


