[
  {
    "ipv4-filter": {
      "description": "The general policy comment.",
      "entry": [
        {
          "action": {
            "accept": {}
          },
          "description": "Allow TCP 53 dest.",
          "match": {
            "destination-port": {
              "value": 53
            },
            "protocol": 6
          },
          "sequence-id": 5
        }
      ],
      "name": "good-name-v4"
    }
  }
]


