: Windows_advfirewall out Policy
: this is an out test acl
:
: $Id:$
: $Date:$
: $Revision:$
: inet
netsh advfirewall firewall add rule name=o_good-term-miscproto enable=yes interfacetype=any dir=out localip=any remoteip=any protocol=112 action=allow
netsh advfirewall firewall add rule name=o_good-term-hopopt enable=yes interfacetype=any dir=out localip=any remoteip=any protocol=0 action=allow

