security {
    replace: address-book {
        global {
        }
    }
    /*
    $Id:$
    $Date:$
    $Revision:$
    */
    replace: policies {
        /*
        This is a test acl with a comment
        */
        from-zone trust to-zone untrust {
            policy accept-icmpv6-types {
                match {
                    source-address any;
                    destination-address any;
                    application accept-icmpv6-types-app;
                }
                then {
                    permit;
                }
            }
        }
    }
}
replace: applications {
    application accept-icmpv6-types-app {
        term t1 protocol icmp6 icmp6-type 2 inactivity-timeout 60;
        term t2 protocol icmp6 icmp6-type 3 inactivity-timeout 60;
        term t3 protocol icmp6 icmp6-type 4 inactivity-timeout 60;
        term t4 protocol icmp6 icmp6-type 128 inactivity-timeout 60;
        term t5 protocol icmp6 icmp6-type 129 inactivity-timeout 60;
        term t6 protocol icmp6 icmp6-type 134 inactivity-timeout 60;
        term t7 protocol icmp6 icmp6-type 135 inactivity-timeout 60;
        term t8 protocol icmp6 icmp6-type 136 inactivity-timeout 60;
}

