security {
    replace: address-book {
        global {
                address SOME_HOST_0 10.0.0.0/8;
                address SOME_HOST_1 2001:4860:8000::/33;
                address-set SOME_HOST {
                    address SOME_HOST_0;
                    address SOME_HOST_1;
                }
        }
    }
    /*
    $Id:$
    $Date:$
    $Revision:$
    */
    replace: policies {
        /*
        This is a test acl with a comment
        */
        from-zone trust to-zone untrust {
            policy good-term-3 {
                match {
                    source-address any;
                    destination-address [ SOME_HOST ];
                    application good-term-3-app;
                }
                then {
                    permit {
                        tunnel {
                            ipsec-vpn good-vpn-3;
                        }
                    }
                }
            }
        }
    }
}
replace: applications {
    application good-term-3-app1 {
        term t1 protocol tcp;
    }
    application-set good-term-3-app {
        application good-term-3-app1;
    }
}

