security {
    replace: address-book {
        global {
                address dst_term_to_split0_0 2720:0:1000:3103:eca0:2c09:6b32:e000/128;
                address dst_term_to_split0_1 2720:0:1000:3103:eca0:2c09:6b32:e002/128;
                address dst_term_to_split0_2 2720:0:1000:3103:eca0:2c09:6b32:e004/128;
                address dst_term_to_split0_3 2720:0:1000:3103:eca0:2c09:6b32:e006/128;
                address dst_term_to_split0_4 2720:0:1000:3103:eca0:2c09:6b32:e008/128;
                address dst_term_to_split0_5 2720:0:1000:3103:eca0:2c09:6b32:e00a/128;
                address dst_term_to_split0_6 2720:0:1000:3103:eca0:2c09:6b32:e00c/128;
                address dst_term_to_split0_7 2720:0:1000:3103:eca0:2c09:6b32:e00e/128;
                address dst_term_to_split0_8 2720:0:1000:3103:eca0:2c09:6b32:e010/128;
                address dst_term_to_split0_9 2720:0:1000:3103:eca0:2c09:6b32:e012/128;
                address dst_term_to_split0_10 2720:0:1000:3103:eca0:2c09:6b32:e014/128;
                address dst_term_to_split0_11 2720:0:1000:3103:eca0:2c09:6b32:e016/128;
                address dst_term_to_split0_12 2720:0:1000:3103:eca0:2c09:6b32:e018/128;
                address dst_term_to_split0_13 2720:0:1000:3103:eca0:2c09:6b32:e01a/128;
                address dst_term_to_split0_14 2720:0:1000:3103:eca0:2c09:6b32:e01c/128;
                address dst_term_to_split0_15 2720:0:1000:3103:eca0:2c09:6b32:e01e/128;
                address dst_term_to_split0_16 2720:0:1000:3103:eca0:2c09:6b32:e020/128;
                address dst_term_to_split0_17 2720:0:1000:3103:eca0:2c09:6b32:e022/128;
                address dst_term_to_split0_18 2720:0:1000:3103:eca0:2c09:6b32:e024/128;
                address dst_term_to_split0_19 2720:0:1000:3103:eca0:2c09:6b32:e026/128;
                address dst_term_to_split0_20 2720:0:1000:3103:eca0:2c09:6b32:e028/128;
                address dst_term_to_split0_21 2720:0:1000:3103:eca0:2c09:6b32:e02a/128;
                address dst_term_to_split0_22 2720:0:1000:3103:eca0:2c09:6b32:e02c/128;
                address dst_term_to_split0_23 2720:0:1000:3103:eca0:2c09:6b32:e02e/128;
                address dst_term_to_split0_24 2720:0:1000:3103:eca0:2c09:6b32:e030/128;
                address dst_term_to_split0_25 2720:0:1000:3103:eca0:2c09:6b32:e032/128;
                address dst_term_to_split0_26 2720:0:1000:3103:eca0:2c09:6b32:e034/128;
                address dst_term_to_split0_27 2720:0:1000:3103:eca0:2c09:6b32:e036/128;
                address dst_term_to_split0_28 2720:0:1000:3103:eca0:2c09:6b32:e038/128;
                address dst_term_to_split0_29 2720:0:1000:3103:eca0:2c09:6b32:e03a/128;
                address dst_term_to_split0_30 2720:0:1000:3103:eca0:2c09:6b32:e03c/128;
                address dst_term_to_split0_31 2720:0:1000:3103:eca0:2c09:6b32:e03e/128;
                address dst_term_to_split0_32 2720:0:1000:3103:eca0:2c09:6b32:e040/128;
                address dst_term_to_split0_33 2720:0:1000:3103:eca0:2c09:6b32:e042/128;
                address dst_term_to_split0_34 2720:0:1000:3103:eca0:2c09:6b32:e044/128;
                address dst_term_to_split0_35 2720:0:1000:3103:eca0:2c09:6b32:e046/128;
                address dst_term_to_split0_36 2720:0:1000:3103:eca0:2c09:6b32:e048/128;
                address dst_term_to_split0_37 2720:0:1000:3103:eca0:2c09:6b32:e04a/128;
                address dst_term_to_split0_38 2720:0:1000:3103:eca0:2c09:6b32:e04c/128;
                address dst_term_to_split0_39 2720:0:1000:3103:eca0:2c09:6b32:e04e/128;
                address dst_term_to_split0_40 2720:0:1000:3103:eca0:2c09:6b32:e050/128;
                address dst_term_to_split0_41 2720:0:1000:3103:eca0:2c09:6b32:e052/128;
                address dst_term_to_split0_42 2720:0:1000:3103:eca0:2c09:6b32:e054/128;
                address dst_term_to_split0_43 2720:0:1000:3103:eca0:2c09:6b32:e056/128;
                address dst_term_to_split0_44 2720:0:1000:3103:eca0:2c09:6b32:e058/128;
                address dst_term_to_split0_45 2720:0:1000:3103:eca0:2c09:6b32:e05a/128;
                address dst_term_to_split0_46 2720:0:1000:3103:eca0:2c09:6b32:e05c/128;
                address dst_term_to_split0_47 2720:0:1000:3103:eca0:2c09:6b32:e05e/128;
                address dst_term_to_split0_48 2720:0:1000:3103:eca0:2c09:6b32:e060/128;
                address dst_term_to_split0_49 2720:0:1000:3103:eca0:2c09:6b32:e062/128;
                address dst_term_to_split0_50 2720:0:1000:3103:eca0:2c09:6b32:e064/128;
                address dst_term_to_split0_51 2720:0:1000:3103:eca0:2c09:6b32:e066/128;
                address dst_term_to_split0_52 2720:0:1000:3103:eca0:2c09:6b32:e068/128;
                address dst_term_to_split0_53 2720:0:1000:3103:eca0:2c09:6b32:e06a/128;
                address dst_term_to_split0_54 2720:0:1000:3103:eca0:2c09:6b32:e06c/128;
                address dst_term_to_split0_55 2720:0:1000:3103:eca0:2c09:6b32:e06e/128;
                address dst_term_to_split0_56 2720:0:1000:3103:eca0:2c09:6b32:e070/128;
                address dst_term_to_split0_57 2720:0:1000:3103:eca0:2c09:6b32:e072/128;
                address dst_term_to_split0_58 2720:0:1000:3103:eca0:2c09:6b32:e074/128;
                address dst_term_to_split0_59 2720:0:1000:3103:eca0:2c09:6b32:e076/128;
                address dst_term_to_split0_60 2720:0:1000:3103:eca0:2c09:6b32:e078/128;
                address dst_term_to_split0_61 2720:0:1000:3103:eca0:2c09:6b32:e07a/128;
                address dst_term_to_split0_62 2720:0:1000:3103:eca0:2c09:6b32:e07c/128;
                address dst_term_to_split0_63 2720:0:1000:3103:eca0:2c09:6b32:e07e/128;
                address dst_term_to_split0_64 2720:0:1000:3103:eca0:2c09:6b32:e080/128;
                address dst_term_to_split0_65 2720:0:1000:3103:eca0:2c09:6b32:e082/128;
                address dst_term_to_split0_66 2720:0:1000:3103:eca0:2c09:6b32:e084/128;
                address dst_term_to_split0_67 2720:0:1000:3103:eca0:2c09:6b32:e086/128;
                address dst_term_to_split0_68 2720:0:1000:3103:eca0:2c09:6b32:e088/128;
                address dst_term_to_split0_69 2720:0:1000:3103:eca0:2c09:6b32:e08a/128;
                address dst_term_to_split0_70 2720:0:1000:3103:eca0:2c09:6b32:e08c/128;
                address dst_term_to_split0_71 2720:0:1000:3103:eca0:2c09:6b32:e08e/128;
                address dst_term_to_split0_72 2720:0:1000:3103:eca0:2c09:6b32:e090/128;
                address dst_term_to_split0_73 2720:0:1000:3103:eca0:2c09:6b32:e092/128;
                address dst_term_to_split0_74 2720:0:1000:3103:eca0:2c09:6b32:e094/128;
                address dst_term_to_split0_75 2720:0:1000:3103:eca0:2c09:6b32:e096/128;
                address dst_term_to_split0_76 2720:0:1000:3103:eca0:2c09:6b32:e098/128;
                address dst_term_to_split0_77 2720:0:1000:3103:eca0:2c09:6b32:e09a/128;
                address dst_term_to_split0_78 2720:0:1000:3103:eca0:2c09:6b32:e09c/128;
                address dst_term_to_split0_79 2720:0:1000:3103:eca0:2c09:6b32:e09e/128;
                address dst_term_to_split0_80 2720:0:1000:3103:eca0:2c09:6b32:e0a0/128;
                address dst_term_to_split0_81 2720:0:1000:3103:eca0:2c09:6b32:e0a2/128;
                address dst_term_to_split0_82 2720:0:1000:3103:eca0:2c09:6b32:e0a4/128;
                address dst_term_to_split0_83 2720:0:1000:3103:eca0:2c09:6b32:e0a6/128;
                address dst_term_to_split0_84 2720:0:1000:3103:eca0:2c09:6b32:e0a8/128;
                address dst_term_to_split0_85 2720:0:1000:3103:eca0:2c09:6b32:e0aa/128;
                address dst_term_to_split0_86 2720:0:1000:3103:eca0:2c09:6b32:e0ac/128;
                address dst_term_to_split0_87 2720:0:1000:3103:eca0:2c09:6b32:e0ae/128;
                address dst_term_to_split0_88 2720:0:1000:3103:eca0:2c09:6b32:e0b0/128;
                address dst_term_to_split0_89 2720:0:1000:3103:eca0:2c09:6b32:e0b2/128;
                address dst_term_to_split0_90 2720:0:1000:3103:eca0:2c09:6b32:e0b4/128;
                address dst_term_to_split0_91 2720:0:1000:3103:eca0:2c09:6b32:e0b6/128;
                address dst_term_to_split0_92 2720:0:1000:3103:eca0:2c09:6b32:e0b8/128;
                address dst_term_to_split0_93 2720:0:1000:3103:eca0:2c09:6b32:e0ba/128;
                address dst_term_to_split0_94 2720:0:1000:3103:eca0:2c09:6b32:e0bc/128;
                address dst_term_to_split0_95 2720:0:1000:3103:eca0:2c09:6b32:e0be/128;
                address dst_term_to_split0_96 2720:0:1000:3103:eca0:2c09:6b32:e0c0/128;
                address dst_term_to_split0_97 2720:0:1000:3103:eca0:2c09:6b32:e0c2/128;
                address dst_term_to_split0_98 2720:0:1000:3103:eca0:2c09:6b32:e0c4/128;
                address dst_term_to_split0_99 2720:0:1000:3103:eca0:2c09:6b32:e0c6/128;
                address dst_term_to_split0_100 2720:0:1000:3103:eca0:2c09:6b32:e0c8/128;
                address dst_term_to_split0_101 2720:0:1000:3103:eca0:2c09:6b32:e0ca/128;
                address dst_term_to_split0_102 2720:0:1000:3103:eca0:2c09:6b32:e0cc/128;
                address dst_term_to_split0_103 2720:0:1000:3103:eca0:2c09:6b32:e0ce/128;
                address dst_term_to_split0_104 2720:0:1000:3103:eca0:2c09:6b32:e0d0/128;
                address dst_term_to_split0_105 2720:0:1000:3103:eca0:2c09:6b32:e0d2/128;
                address dst_term_to_split0_106 2720:0:1000:3103:eca0:2c09:6b32:e0d4/128;
                address dst_term_to_split0_107 2720:0:1000:3103:eca0:2c09:6b32:e0d6/128;
                address dst_term_to_split0_108 2720:0:1000:3103:eca0:2c09:6b32:e0d8/128;
                address dst_term_to_split0_109 2720:0:1000:3103:eca0:2c09:6b32:e0da/128;
                address dst_term_to_split0_110 2720:0:1000:3103:eca0:2c09:6b32:e0dc/128;
                address dst_term_to_split0_111 2720:0:1000:3103:eca0:2c09:6b32:e0de/128;
                address dst_term_to_split0_112 2720:0:1000:3103:eca0:2c09:6b32:e0e0/128;
                address dst_term_to_split0_113 2720:0:1000:3103:eca0:2c09:6b32:e0e2/128;
                address dst_term_to_split0_114 2720:0:1000:3103:eca0:2c09:6b32:e0e4/128;
                address dst_term_to_split0_115 2720:0:1000:3103:eca0:2c09:6b32:e0e6/128;
                address dst_term_to_split0_116 2720:0:1000:3103:eca0:2c09:6b32:e0e8/128;
                address dst_term_to_split0_117 2720:0:1000:3103:eca0:2c09:6b32:e0ea/128;
                address dst_term_to_split0_118 2720:0:1000:3103:eca0:2c09:6b32:e0ec/128;
                address dst_term_to_split0_119 2720:0:1000:3103:eca0:2c09:6b32:e0ee/128;
                address dst_term_to_split0_120 2720:0:1000:3103:eca0:2c09:6b32:e0f0/128;
                address dst_term_to_split0_121 2720:0:1000:3103:eca0:2c09:6b32:e0f2/128;
                address dst_term_to_split0_122 2720:0:1000:3103:eca0:2c09:6b32:e0f4/128;
                address dst_term_to_split0_123 2720:0:1000:3103:eca0:2c09:6b32:e0f6/128;
                address dst_term_to_split0_124 2720:0:1000:3103:eca0:2c09:6b32:e0f8/128;
                address dst_term_to_split0_125 2720:0:1000:3103:eca0:2c09:6b32:e0fa/128;
                address dst_term_to_split0_126 2720:0:1000:3103:eca0:2c09:6b32:e0fc/128;
                address dst_term_to_split0_127 2720:0:1000:3103:eca0:2c09:6b32:e0fe/128;
                address dst_term_to_split1_0 2720:0:1000:3103:eca0:2c09:6b32:e100/128;
                address dst_term_to_split1_1 2720:0:1000:3103:eca0:2c09:6b32:e102/128;
                address dst_term_to_split1_2 2720:0:1000:3103:eca0:2c09:6b32:e104/128;
                address dst_term_to_split1_3 2720:0:1000:3103:eca0:2c09:6b32:e106/128;
                address dst_term_to_split1_4 2720:0:1000:3103:eca0:2c09:6b32:e108/128;
                address dst_term_to_split1_5 2720:0:1000:3103:eca0:2c09:6b32:e10a/128;
                address dst_term_to_split1_6 2720:0:1000:3103:eca0:2c09:6b32:e10c/128;
                address dst_term_to_split1_7 2720:0:1000:3103:eca0:2c09:6b32:e10e/128;
                address dst_term_to_split1_8 2720:0:1000:3103:eca0:2c09:6b32:e110/128;
                address dst_term_to_split1_9 2720:0:1000:3103:eca0:2c09:6b32:e112/128;
                address dst_term_to_split1_10 2720:0:1000:3103:eca0:2c09:6b32:e114/128;
                address dst_term_to_split1_11 2720:0:1000:3103:eca0:2c09:6b32:e116/128;
                address dst_term_to_split1_12 2720:0:1000:3103:eca0:2c09:6b32:e118/128;
                address dst_term_to_split1_13 2720:0:1000:3103:eca0:2c09:6b32:e11a/128;
                address dst_term_to_split1_14 2720:0:1000:3103:eca0:2c09:6b32:e11c/128;
                address dst_term_to_split1_15 2720:0:1000:3103:eca0:2c09:6b32:e11e/128;
                address dst_term_to_split1_16 2720:0:1000:3103:eca0:2c09:6b32:e120/128;
                address dst_term_to_split1_17 2720:0:1000:3103:eca0:2c09:6b32:e122/128;
                address dst_term_to_split1_18 2720:0:1000:3103:eca0:2c09:6b32:e124/128;
                address dst_term_to_split1_19 2720:0:1000:3103:eca0:2c09:6b32:e126/128;
                address dst_term_to_split1_20 2720:0:1000:3103:eca0:2c09:6b32:e128/128;
                address dst_term_to_split1_21 2720:0:1000:3103:eca0:2c09:6b32:e12a/128;
                address dst_term_to_split1_22 2720:0:1000:3103:eca0:2c09:6b32:e12c/128;
                address dst_term_to_split1_23 2720:0:1000:3103:eca0:2c09:6b32:e12e/128;
                address dst_term_to_split1_24 2720:0:1000:3103:eca0:2c09:6b32:e130/128;
                address dst_term_to_split1_25 2720:0:1000:3103:eca0:2c09:6b32:e132/128;
                address dst_term_to_split1_26 2720:0:1000:3103:eca0:2c09:6b32:e134/128;
                address dst_term_to_split1_27 2720:0:1000:3103:eca0:2c09:6b32:e136/128;
                address dst_term_to_split1_28 2720:0:1000:3103:eca0:2c09:6b32:e138/128;
                address dst_term_to_split1_29 2720:0:1000:3103:eca0:2c09:6b32:e13a/128;
                address dst_term_to_split1_30 2720:0:1000:3103:eca0:2c09:6b32:e13c/128;
                address dst_term_to_split1_31 2720:0:1000:3103:eca0:2c09:6b32:e13e/128;
                address dst_term_to_split1_32 2720:0:1000:3103:eca0:2c09:6b32:e140/128;
                address dst_term_to_split1_33 2720:0:1000:3103:eca0:2c09:6b32:e142/128;
                address dst_term_to_split1_34 2720:0:1000:3103:eca0:2c09:6b32:e144/128;
                address dst_term_to_split1_35 2720:0:1000:3103:eca0:2c09:6b32:e146/128;
                address dst_term_to_split1_36 2720:0:1000:3103:eca0:2c09:6b32:e148/128;
                address dst_term_to_split1_37 2720:0:1000:3103:eca0:2c09:6b32:e14a/128;
                address dst_term_to_split1_38 2720:0:1000:3103:eca0:2c09:6b32:e14c/128;
                address dst_term_to_split1_39 2720:0:1000:3103:eca0:2c09:6b32:e14e/128;
                address dst_term_to_split1_40 2720:0:1000:3103:eca0:2c09:6b32:e150/128;
                address dst_term_to_split1_41 2720:0:1000:3103:eca0:2c09:6b32:e152/128;
                address dst_term_to_split1_42 2720:0:1000:3103:eca0:2c09:6b32:e154/128;
                address dst_term_to_split1_43 2720:0:1000:3103:eca0:2c09:6b32:e156/128;
                address dst_term_to_split1_44 2720:0:1000:3103:eca0:2c09:6b32:e158/128;
                address dst_term_to_split1_45 2720:0:1000:3103:eca0:2c09:6b32:e15a/128;
                address dst_term_to_split1_46 2720:0:1000:3103:eca0:2c09:6b32:e15c/128;
                address dst_term_to_split1_47 2720:0:1000:3103:eca0:2c09:6b32:e15e/128;
                address dst_term_to_split1_48 2720:0:1000:3103:eca0:2c09:6b32:e160/128;
                address dst_term_to_split1_49 2720:0:1000:3103:eca0:2c09:6b32:e162/128;
                address dst_term_to_split1_50 2720:0:1000:3103:eca0:2c09:6b32:e164/128;
                address dst_term_to_split1_51 2720:0:1000:3103:eca0:2c09:6b32:e166/128;
                address dst_term_to_split1_52 2720:0:1000:3103:eca0:2c09:6b32:e168/128;
                address dst_term_to_split1_53 2720:0:1000:3103:eca0:2c09:6b32:e16a/128;
                address dst_term_to_split1_54 2720:0:1000:3103:eca0:2c09:6b32:e16c/128;
                address dst_term_to_split1_55 2720:0:1000:3103:eca0:2c09:6b32:e16e/128;
                address dst_term_to_split1_56 2720:0:1000:3103:eca0:2c09:6b32:e170/128;
                address dst_term_to_split1_57 2720:0:1000:3103:eca0:2c09:6b32:e172/128;
                address dst_term_to_split1_58 2720:0:1000:3103:eca0:2c09:6b32:e174/128;
                address dst_term_to_split1_59 2720:0:1000:3103:eca0:2c09:6b32:e176/128;
                address dst_term_to_split1_60 2720:0:1000:3103:eca0:2c09:6b32:e178/128;
                address dst_term_to_split1_61 2720:0:1000:3103:eca0:2c09:6b32:e17a/128;
                address dst_term_to_split1_62 2720:0:1000:3103:eca0:2c09:6b32:e17c/128;
                address dst_term_to_split1_63 2720:0:1000:3103:eca0:2c09:6b32:e17e/128;
                address dst_term_to_split1_64 2720:0:1000:3103:eca0:2c09:6b32:e180/128;
                address dst_term_to_split1_65 2720:0:1000:3103:eca0:2c09:6b32:e182/128;
                address dst_term_to_split1_66 2720:0:1000:3103:eca0:2c09:6b32:e184/128;
                address dst_term_to_split1_67 2720:0:1000:3103:eca0:2c09:6b32:e186/128;
                address dst_term_to_split1_68 2720:0:1000:3103:eca0:2c09:6b32:e188/128;
                address dst_term_to_split1_69 2720:0:1000:3103:eca0:2c09:6b32:e18a/128;
                address dst_term_to_split1_70 2720:0:1000:3103:eca0:2c09:6b32:e18c/128;
                address dst_term_to_split1_71 2720:0:1000:3103:eca0:2c09:6b32:e18e/128;
                address dst_term_to_split1_72 2720:0:1000:3103:eca0:2c09:6b32:e190/128;
                address dst_term_to_split1_73 2720:0:1000:3103:eca0:2c09:6b32:e192/128;
                address dst_term_to_split1_74 2720:0:1000:3103:eca0:2c09:6b32:e194/128;
                address dst_term_to_split1_75 2720:0:1000:3103:eca0:2c09:6b32:e196/128;
                address dst_term_to_split1_76 2720:0:1000:3103:eca0:2c09:6b32:e198/128;
                address dst_term_to_split1_77 2720:0:1000:3103:eca0:2c09:6b32:e19a/128;
                address dst_term_to_split1_78 2720:0:1000:3103:eca0:2c09:6b32:e19c/128;
                address dst_term_to_split1_79 2720:0:1000:3103:eca0:2c09:6b32:e19e/128;
                address dst_term_to_split1_80 2720:0:1000:3103:eca0:2c09:6b32:e1a0/128;
                address dst_term_to_split1_81 2720:0:1000:3103:eca0:2c09:6b32:e1a2/128;
                address dst_term_to_split1_82 2720:0:1000:3103:eca0:2c09:6b32:e1a4/128;
                address dst_term_to_split1_83 2720:0:1000:3103:eca0:2c09:6b32:e1a6/128;
                address dst_term_to_split1_84 2720:0:1000:3103:eca0:2c09:6b32:e1a8/128;
                address dst_term_to_split1_85 2720:0:1000:3103:eca0:2c09:6b32:e1aa/128;
                address dst_term_to_split1_86 2720:0:1000:3103:eca0:2c09:6b32:e1ac/128;
                address dst_term_to_split1_87 2720:0:1000:3103:eca0:2c09:6b32:e1ae/128;
                address dst_term_to_split1_88 2720:0:1000:3103:eca0:2c09:6b32:e1b0/128;
                address dst_term_to_split1_89 2720:0:1000:3103:eca0:2c09:6b32:e1b2/128;
                address dst_term_to_split1_90 2720:0:1000:3103:eca0:2c09:6b32:e1b4/128;
                address dst_term_to_split1_91 2720:0:1000:3103:eca0:2c09:6b32:e1b6/128;
                address dst_term_to_split1_92 2720:0:1000:3103:eca0:2c09:6b32:e1b8/128;
                address dst_term_to_split1_93 2720:0:1000:3103:eca0:2c09:6b32:e1ba/128;
                address dst_term_to_split1_94 2720:0:1000:3103:eca0:2c09:6b32:e1bc/128;
                address dst_term_to_split1_95 2720:0:1000:3103:eca0:2c09:6b32:e1be/128;
                address dst_term_to_split1_96 2720:0:1000:3103:eca0:2c09:6b32:e1c0/128;
                address dst_term_to_split1_97 2720:0:1000:3103:eca0:2c09:6b32:e1c2/128;
                address dst_term_to_split1_98 2720:0:1000:3103:eca0:2c09:6b32:e1c4/128;
                address dst_term_to_split1_99 2720:0:1000:3103:eca0:2c09:6b32:e1c6/128;
                address dst_term_to_split1_100 2720:0:1000:3103:eca0:2c09:6b32:e1c8/128;
                address dst_term_to_split1_101 2720:0:1000:3103:eca0:2c09:6b32:e1ca/128;
                address dst_term_to_split1_102 2720:0:1000:3103:eca0:2c09:6b32:e1cc/128;
                address dst_term_to_split1_103 2720:0:1000:3103:eca0:2c09:6b32:e1ce/128;
                address dst_term_to_split1_104 2720:0:1000:3103:eca0:2c09:6b32:e1d0/128;
                address dst_term_to_split1_105 2720:0:1000:3103:eca0:2c09:6b32:e1d2/128;
                address dst_term_to_split1_106 2720:0:1000:3103:eca0:2c09:6b32:e1d4/128;
                address dst_term_to_split1_107 2720:0:1000:3103:eca0:2c09:6b32:e1d6/128;
                address dst_term_to_split1_108 2720:0:1000:3103:eca0:2c09:6b32:e1d8/128;
                address dst_term_to_split1_109 2720:0:1000:3103:eca0:2c09:6b32:e1da/128;
                address dst_term_to_split1_110 2720:0:1000:3103:eca0:2c09:6b32:e1dc/128;
                address dst_term_to_split1_111 2720:0:1000:3103:eca0:2c09:6b32:e1de/128;
                address dst_term_to_split1_112 2720:0:1000:3103:eca0:2c09:6b32:e1e0/128;
                address dst_term_to_split1_113 2720:0:1000:3103:eca0:2c09:6b32:e1e2/128;
                address dst_term_to_split1_114 2720:0:1000:3103:eca0:2c09:6b32:e1e4/128;
                address dst_term_to_split1_115 2720:0:1000:3103:eca0:2c09:6b32:e1e6/128;
                address dst_term_to_split1_116 2720:0:1000:3103:eca0:2c09:6b32:e1e8/128;
                address dst_term_to_split1_117 2720:0:1000:3103:eca0:2c09:6b32:e1ea/128;
                address dst_term_to_split1_118 2720:0:1000:3103:eca0:2c09:6b32:e1ec/128;
                address dst_term_to_split1_119 2720:0:1000:3103:eca0:2c09:6b32:e1ee/128;
                address dst_term_to_split1_120 2720:0:1000:3103:eca0:2c09:6b32:e1f0/128;
                address dst_term_to_split1_121 2720:0:1000:3103:eca0:2c09:6b32:e1f2/128;
                address dst_term_to_split1_122 2720:0:1000:3103:eca0:2c09:6b32:e1f4/128;
                address dst_term_to_split1_123 2720:0:1000:3103:eca0:2c09:6b32:e1f6/128;
                address dst_term_to_split1_124 2720:0:1000:3103:eca0:2c09:6b32:e1f8/128;
                address dst_term_to_split1_125 2720:0:1000:3103:eca0:2c09:6b32:e1fa/128;
                address dst_term_to_split1_126 2720:0:1000:3103:eca0:2c09:6b32:e1fc/128;
                address dst_term_to_split1_127 2720:0:1000:3103:eca0:2c09:6b32:e1fe/128;
                address src_term_to_split0_0 2620:0:1000:3103:eca0:2c09:6b32:e000/128;
                address src_term_to_split0_1 2620:0:1000:3103:eca0:2c09:6b32:e002/128;
                address src_term_to_split0_2 2620:0:1000:3103:eca0:2c09:6b32:e004/128;
                address src_term_to_split0_3 2620:0:1000:3103:eca0:2c09:6b32:e006/128;
                address src_term_to_split0_4 2620:0:1000:3103:eca0:2c09:6b32:e008/128;
                address src_term_to_split0_5 2620:0:1000:3103:eca0:2c09:6b32:e00a/128;
                address src_term_to_split0_6 2620:0:1000:3103:eca0:2c09:6b32:e00c/128;
                address src_term_to_split0_7 2620:0:1000:3103:eca0:2c09:6b32:e00e/128;
                address src_term_to_split0_8 2620:0:1000:3103:eca0:2c09:6b32:e010/128;
                address src_term_to_split0_9 2620:0:1000:3103:eca0:2c09:6b32:e012/128;
                address src_term_to_split0_10 2620:0:1000:3103:eca0:2c09:6b32:e014/128;
                address src_term_to_split0_11 2620:0:1000:3103:eca0:2c09:6b32:e016/128;
                address src_term_to_split0_12 2620:0:1000:3103:eca0:2c09:6b32:e018/128;
                address src_term_to_split0_13 2620:0:1000:3103:eca0:2c09:6b32:e01a/128;
                address src_term_to_split0_14 2620:0:1000:3103:eca0:2c09:6b32:e01c/128;
                address src_term_to_split0_15 2620:0:1000:3103:eca0:2c09:6b32:e01e/128;
                address src_term_to_split0_16 2620:0:1000:3103:eca0:2c09:6b32:e020/128;
                address src_term_to_split0_17 2620:0:1000:3103:eca0:2c09:6b32:e022/128;
                address src_term_to_split0_18 2620:0:1000:3103:eca0:2c09:6b32:e024/128;
                address src_term_to_split0_19 2620:0:1000:3103:eca0:2c09:6b32:e026/128;
                address src_term_to_split0_20 2620:0:1000:3103:eca0:2c09:6b32:e028/128;
                address src_term_to_split0_21 2620:0:1000:3103:eca0:2c09:6b32:e02a/128;
                address src_term_to_split0_22 2620:0:1000:3103:eca0:2c09:6b32:e02c/128;
                address src_term_to_split0_23 2620:0:1000:3103:eca0:2c09:6b32:e02e/128;
                address src_term_to_split0_24 2620:0:1000:3103:eca0:2c09:6b32:e030/128;
                address src_term_to_split0_25 2620:0:1000:3103:eca0:2c09:6b32:e032/128;
                address src_term_to_split0_26 2620:0:1000:3103:eca0:2c09:6b32:e034/128;
                address src_term_to_split0_27 2620:0:1000:3103:eca0:2c09:6b32:e036/128;
                address src_term_to_split0_28 2620:0:1000:3103:eca0:2c09:6b32:e038/128;
                address src_term_to_split0_29 2620:0:1000:3103:eca0:2c09:6b32:e03a/128;
                address src_term_to_split0_30 2620:0:1000:3103:eca0:2c09:6b32:e03c/128;
                address src_term_to_split0_31 2620:0:1000:3103:eca0:2c09:6b32:e03e/128;
                address src_term_to_split0_32 2620:0:1000:3103:eca0:2c09:6b32:e040/128;
                address src_term_to_split0_33 2620:0:1000:3103:eca0:2c09:6b32:e042/128;
                address src_term_to_split0_34 2620:0:1000:3103:eca0:2c09:6b32:e044/128;
                address src_term_to_split0_35 2620:0:1000:3103:eca0:2c09:6b32:e046/128;
                address src_term_to_split0_36 2620:0:1000:3103:eca0:2c09:6b32:e048/128;
                address src_term_to_split0_37 2620:0:1000:3103:eca0:2c09:6b32:e04a/128;
                address src_term_to_split0_38 2620:0:1000:3103:eca0:2c09:6b32:e04c/128;
                address src_term_to_split0_39 2620:0:1000:3103:eca0:2c09:6b32:e04e/128;
                address src_term_to_split0_40 2620:0:1000:3103:eca0:2c09:6b32:e050/128;
                address src_term_to_split0_41 2620:0:1000:3103:eca0:2c09:6b32:e052/128;
                address src_term_to_split0_42 2620:0:1000:3103:eca0:2c09:6b32:e054/128;
                address src_term_to_split0_43 2620:0:1000:3103:eca0:2c09:6b32:e056/128;
                address src_term_to_split0_44 2620:0:1000:3103:eca0:2c09:6b32:e058/128;
                address src_term_to_split0_45 2620:0:1000:3103:eca0:2c09:6b32:e05a/128;
                address src_term_to_split0_46 2620:0:1000:3103:eca0:2c09:6b32:e05c/128;
                address src_term_to_split0_47 2620:0:1000:3103:eca0:2c09:6b32:e05e/128;
                address src_term_to_split0_48 2620:0:1000:3103:eca0:2c09:6b32:e060/128;
                address src_term_to_split0_49 2620:0:1000:3103:eca0:2c09:6b32:e062/128;
                address src_term_to_split0_50 2620:0:1000:3103:eca0:2c09:6b32:e064/128;
                address src_term_to_split0_51 2620:0:1000:3103:eca0:2c09:6b32:e066/128;
                address src_term_to_split0_52 2620:0:1000:3103:eca0:2c09:6b32:e068/128;
                address src_term_to_split0_53 2620:0:1000:3103:eca0:2c09:6b32:e06a/128;
                address src_term_to_split0_54 2620:0:1000:3103:eca0:2c09:6b32:e06c/128;
                address src_term_to_split0_55 2620:0:1000:3103:eca0:2c09:6b32:e06e/128;
                address src_term_to_split0_56 2620:0:1000:3103:eca0:2c09:6b32:e070/128;
                address src_term_to_split0_57 2620:0:1000:3103:eca0:2c09:6b32:e072/128;
                address src_term_to_split0_58 2620:0:1000:3103:eca0:2c09:6b32:e074/128;
                address src_term_to_split0_59 2620:0:1000:3103:eca0:2c09:6b32:e076/128;
                address src_term_to_split0_60 2620:0:1000:3103:eca0:2c09:6b32:e078/128;
                address src_term_to_split0_61 2620:0:1000:3103:eca0:2c09:6b32:e07a/128;
                address src_term_to_split0_62 2620:0:1000:3103:eca0:2c09:6b32:e07c/128;
                address src_term_to_split0_63 2620:0:1000:3103:eca0:2c09:6b32:e07e/128;
                address src_term_to_split0_64 2620:0:1000:3103:eca0:2c09:6b32:e080/128;
                address src_term_to_split0_65 2620:0:1000:3103:eca0:2c09:6b32:e082/128;
                address src_term_to_split0_66 2620:0:1000:3103:eca0:2c09:6b32:e084/128;
                address src_term_to_split0_67 2620:0:1000:3103:eca0:2c09:6b32:e086/128;
                address src_term_to_split0_68 2620:0:1000:3103:eca0:2c09:6b32:e088/128;
                address src_term_to_split0_69 2620:0:1000:3103:eca0:2c09:6b32:e08a/128;
                address src_term_to_split0_70 2620:0:1000:3103:eca0:2c09:6b32:e08c/128;
                address src_term_to_split0_71 2620:0:1000:3103:eca0:2c09:6b32:e08e/128;
                address src_term_to_split0_72 2620:0:1000:3103:eca0:2c09:6b32:e090/128;
                address src_term_to_split0_73 2620:0:1000:3103:eca0:2c09:6b32:e092/128;
                address src_term_to_split0_74 2620:0:1000:3103:eca0:2c09:6b32:e094/128;
                address src_term_to_split0_75 2620:0:1000:3103:eca0:2c09:6b32:e096/128;
                address src_term_to_split0_76 2620:0:1000:3103:eca0:2c09:6b32:e098/128;
                address src_term_to_split0_77 2620:0:1000:3103:eca0:2c09:6b32:e09a/128;
                address src_term_to_split0_78 2620:0:1000:3103:eca0:2c09:6b32:e09c/128;
                address src_term_to_split0_79 2620:0:1000:3103:eca0:2c09:6b32:e09e/128;
                address src_term_to_split0_80 2620:0:1000:3103:eca0:2c09:6b32:e0a0/128;
                address src_term_to_split0_81 2620:0:1000:3103:eca0:2c09:6b32:e0a2/128;
                address src_term_to_split0_82 2620:0:1000:3103:eca0:2c09:6b32:e0a4/128;
                address src_term_to_split0_83 2620:0:1000:3103:eca0:2c09:6b32:e0a6/128;
                address src_term_to_split0_84 2620:0:1000:3103:eca0:2c09:6b32:e0a8/128;
                address src_term_to_split0_85 2620:0:1000:3103:eca0:2c09:6b32:e0aa/128;
                address src_term_to_split0_86 2620:0:1000:3103:eca0:2c09:6b32:e0ac/128;
                address src_term_to_split0_87 2620:0:1000:3103:eca0:2c09:6b32:e0ae/128;
                address src_term_to_split0_88 2620:0:1000:3103:eca0:2c09:6b32:e0b0/128;
                address src_term_to_split0_89 2620:0:1000:3103:eca0:2c09:6b32:e0b2/128;
                address src_term_to_split0_90 2620:0:1000:3103:eca0:2c09:6b32:e0b4/128;
                address src_term_to_split0_91 2620:0:1000:3103:eca0:2c09:6b32:e0b6/128;
                address src_term_to_split0_92 2620:0:1000:3103:eca0:2c09:6b32:e0b8/128;
                address src_term_to_split0_93 2620:0:1000:3103:eca0:2c09:6b32:e0ba/128;
                address src_term_to_split0_94 2620:0:1000:3103:eca0:2c09:6b32:e0bc/128;
                address src_term_to_split0_95 2620:0:1000:3103:eca0:2c09:6b32:e0be/128;
                address src_term_to_split0_96 2620:0:1000:3103:eca0:2c09:6b32:e0c0/128;
                address src_term_to_split0_97 2620:0:1000:3103:eca0:2c09:6b32:e0c2/128;
                address src_term_to_split0_98 2620:0:1000:3103:eca0:2c09:6b32:e0c4/128;
                address src_term_to_split0_99 2620:0:1000:3103:eca0:2c09:6b32:e0c6/128;
                address src_term_to_split0_100 2620:0:1000:3103:eca0:2c09:6b32:e0c8/128;
                address src_term_to_split0_101 2620:0:1000:3103:eca0:2c09:6b32:e0ca/128;
                address src_term_to_split0_102 2620:0:1000:3103:eca0:2c09:6b32:e0cc/128;
                address src_term_to_split0_103 2620:0:1000:3103:eca0:2c09:6b32:e0ce/128;
                address src_term_to_split0_104 2620:0:1000:3103:eca0:2c09:6b32:e0d0/128;
                address src_term_to_split0_105 2620:0:1000:3103:eca0:2c09:6b32:e0d2/128;
                address src_term_to_split0_106 2620:0:1000:3103:eca0:2c09:6b32:e0d4/128;
                address src_term_to_split0_107 2620:0:1000:3103:eca0:2c09:6b32:e0d6/128;
                address src_term_to_split0_108 2620:0:1000:3103:eca0:2c09:6b32:e0d8/128;
                address src_term_to_split0_109 2620:0:1000:3103:eca0:2c09:6b32:e0da/128;
                address src_term_to_split0_110 2620:0:1000:3103:eca0:2c09:6b32:e0dc/128;
                address src_term_to_split0_111 2620:0:1000:3103:eca0:2c09:6b32:e0de/128;
                address src_term_to_split0_112 2620:0:1000:3103:eca0:2c09:6b32:e0e0/128;
                address src_term_to_split0_113 2620:0:1000:3103:eca0:2c09:6b32:e0e2/128;
                address src_term_to_split0_114 2620:0:1000:3103:eca0:2c09:6b32:e0e4/128;
                address src_term_to_split0_115 2620:0:1000:3103:eca0:2c09:6b32:e0e6/128;
                address src_term_to_split0_116 2620:0:1000:3103:eca0:2c09:6b32:e0e8/128;
                address src_term_to_split0_117 2620:0:1000:3103:eca0:2c09:6b32:e0ea/128;
                address src_term_to_split0_118 2620:0:1000:3103:eca0:2c09:6b32:e0ec/128;
                address src_term_to_split0_119 2620:0:1000:3103:eca0:2c09:6b32:e0ee/128;
                address src_term_to_split0_120 2620:0:1000:3103:eca0:2c09:6b32:e0f0/128;
                address src_term_to_split0_121 2620:0:1000:3103:eca0:2c09:6b32:e0f2/128;
                address src_term_to_split0_122 2620:0:1000:3103:eca0:2c09:6b32:e0f4/128;
                address src_term_to_split0_123 2620:0:1000:3103:eca0:2c09:6b32:e0f6/128;
                address src_term_to_split0_124 2620:0:1000:3103:eca0:2c09:6b32:e0f8/128;
                address src_term_to_split0_125 2620:0:1000:3103:eca0:2c09:6b32:e0fa/128;
                address src_term_to_split0_126 2620:0:1000:3103:eca0:2c09:6b32:e0fc/128;
                address src_term_to_split0_127 2620:0:1000:3103:eca0:2c09:6b32:e0fe/128;
                address src_term_to_split1_0 2620:0:1000:3103:eca0:2c09:6b32:e100/128;
                address src_term_to_split1_1 2620:0:1000:3103:eca0:2c09:6b32:e102/128;
                address src_term_to_split1_2 2620:0:1000:3103:eca0:2c09:6b32:e104/128;
                address src_term_to_split1_3 2620:0:1000:3103:eca0:2c09:6b32:e106/128;
                address src_term_to_split1_4 2620:0:1000:3103:eca0:2c09:6b32:e108/128;
                address src_term_to_split1_5 2620:0:1000:3103:eca0:2c09:6b32:e10a/128;
                address src_term_to_split1_6 2620:0:1000:3103:eca0:2c09:6b32:e10c/128;
                address src_term_to_split1_7 2620:0:1000:3103:eca0:2c09:6b32:e10e/128;
                address src_term_to_split1_8 2620:0:1000:3103:eca0:2c09:6b32:e110/128;
                address src_term_to_split1_9 2620:0:1000:3103:eca0:2c09:6b32:e112/128;
                address src_term_to_split1_10 2620:0:1000:3103:eca0:2c09:6b32:e114/128;
                address src_term_to_split1_11 2620:0:1000:3103:eca0:2c09:6b32:e116/128;
                address src_term_to_split1_12 2620:0:1000:3103:eca0:2c09:6b32:e118/128;
                address src_term_to_split1_13 2620:0:1000:3103:eca0:2c09:6b32:e11a/128;
                address src_term_to_split1_14 2620:0:1000:3103:eca0:2c09:6b32:e11c/128;
                address src_term_to_split1_15 2620:0:1000:3103:eca0:2c09:6b32:e11e/128;
                address src_term_to_split1_16 2620:0:1000:3103:eca0:2c09:6b32:e120/128;
                address src_term_to_split1_17 2620:0:1000:3103:eca0:2c09:6b32:e122/128;
                address src_term_to_split1_18 2620:0:1000:3103:eca0:2c09:6b32:e124/128;
                address src_term_to_split1_19 2620:0:1000:3103:eca0:2c09:6b32:e126/128;
                address src_term_to_split1_20 2620:0:1000:3103:eca0:2c09:6b32:e128/128;
                address src_term_to_split1_21 2620:0:1000:3103:eca0:2c09:6b32:e12a/128;
                address src_term_to_split1_22 2620:0:1000:3103:eca0:2c09:6b32:e12c/128;
                address src_term_to_split1_23 2620:0:1000:3103:eca0:2c09:6b32:e12e/128;
                address src_term_to_split1_24 2620:0:1000:3103:eca0:2c09:6b32:e130/128;
                address src_term_to_split1_25 2620:0:1000:3103:eca0:2c09:6b32:e132/128;
                address src_term_to_split1_26 2620:0:1000:3103:eca0:2c09:6b32:e134/128;
                address src_term_to_split1_27 2620:0:1000:3103:eca0:2c09:6b32:e136/128;
                address src_term_to_split1_28 2620:0:1000:3103:eca0:2c09:6b32:e138/128;
                address src_term_to_split1_29 2620:0:1000:3103:eca0:2c09:6b32:e13a/128;
                address src_term_to_split1_30 2620:0:1000:3103:eca0:2c09:6b32:e13c/128;
                address src_term_to_split1_31 2620:0:1000:3103:eca0:2c09:6b32:e13e/128;
                address src_term_to_split1_32 2620:0:1000:3103:eca0:2c09:6b32:e140/128;
                address src_term_to_split1_33 2620:0:1000:3103:eca0:2c09:6b32:e142/128;
                address src_term_to_split1_34 2620:0:1000:3103:eca0:2c09:6b32:e144/128;
                address src_term_to_split1_35 2620:0:1000:3103:eca0:2c09:6b32:e146/128;
                address src_term_to_split1_36 2620:0:1000:3103:eca0:2c09:6b32:e148/128;
                address src_term_to_split1_37 2620:0:1000:3103:eca0:2c09:6b32:e14a/128;
                address src_term_to_split1_38 2620:0:1000:3103:eca0:2c09:6b32:e14c/128;
                address src_term_to_split1_39 2620:0:1000:3103:eca0:2c09:6b32:e14e/128;
                address src_term_to_split1_40 2620:0:1000:3103:eca0:2c09:6b32:e150/128;
                address src_term_to_split1_41 2620:0:1000:3103:eca0:2c09:6b32:e152/128;
                address src_term_to_split1_42 2620:0:1000:3103:eca0:2c09:6b32:e154/128;
                address src_term_to_split1_43 2620:0:1000:3103:eca0:2c09:6b32:e156/128;
                address src_term_to_split1_44 2620:0:1000:3103:eca0:2c09:6b32:e158/128;
                address src_term_to_split1_45 2620:0:1000:3103:eca0:2c09:6b32:e15a/128;
                address src_term_to_split1_46 2620:0:1000:3103:eca0:2c09:6b32:e15c/128;
                address src_term_to_split1_47 2620:0:1000:3103:eca0:2c09:6b32:e15e/128;
                address src_term_to_split1_48 2620:0:1000:3103:eca0:2c09:6b32:e160/128;
                address src_term_to_split1_49 2620:0:1000:3103:eca0:2c09:6b32:e162/128;
                address src_term_to_split1_50 2620:0:1000:3103:eca0:2c09:6b32:e164/128;
                address src_term_to_split1_51 2620:0:1000:3103:eca0:2c09:6b32:e166/128;
                address src_term_to_split1_52 2620:0:1000:3103:eca0:2c09:6b32:e168/128;
                address src_term_to_split1_53 2620:0:1000:3103:eca0:2c09:6b32:e16a/128;
                address src_term_to_split1_54 2620:0:1000:3103:eca0:2c09:6b32:e16c/128;
                address src_term_to_split1_55 2620:0:1000:3103:eca0:2c09:6b32:e16e/128;
                address src_term_to_split1_56 2620:0:1000:3103:eca0:2c09:6b32:e170/128;
                address src_term_to_split1_57 2620:0:1000:3103:eca0:2c09:6b32:e172/128;
                address src_term_to_split1_58 2620:0:1000:3103:eca0:2c09:6b32:e174/128;
                address src_term_to_split1_59 2620:0:1000:3103:eca0:2c09:6b32:e176/128;
                address src_term_to_split1_60 2620:0:1000:3103:eca0:2c09:6b32:e178/128;
                address src_term_to_split1_61 2620:0:1000:3103:eca0:2c09:6b32:e17a/128;
                address src_term_to_split1_62 2620:0:1000:3103:eca0:2c09:6b32:e17c/128;
                address src_term_to_split1_63 2620:0:1000:3103:eca0:2c09:6b32:e17e/128;
                address src_term_to_split1_64 2620:0:1000:3103:eca0:2c09:6b32:e180/128;
                address src_term_to_split1_65 2620:0:1000:3103:eca0:2c09:6b32:e182/128;
                address src_term_to_split1_66 2620:0:1000:3103:eca0:2c09:6b32:e184/128;
                address src_term_to_split1_67 2620:0:1000:3103:eca0:2c09:6b32:e186/128;
                address src_term_to_split1_68 2620:0:1000:3103:eca0:2c09:6b32:e188/128;
                address src_term_to_split1_69 2620:0:1000:3103:eca0:2c09:6b32:e18a/128;
                address src_term_to_split1_70 2620:0:1000:3103:eca0:2c09:6b32:e18c/128;
                address src_term_to_split1_71 2620:0:1000:3103:eca0:2c09:6b32:e18e/128;
                address src_term_to_split1_72 2620:0:1000:3103:eca0:2c09:6b32:e190/128;
                address src_term_to_split1_73 2620:0:1000:3103:eca0:2c09:6b32:e192/128;
                address src_term_to_split1_74 2620:0:1000:3103:eca0:2c09:6b32:e194/128;
                address src_term_to_split1_75 2620:0:1000:3103:eca0:2c09:6b32:e196/128;
                address src_term_to_split1_76 2620:0:1000:3103:eca0:2c09:6b32:e198/128;
                address src_term_to_split1_77 2620:0:1000:3103:eca0:2c09:6b32:e19a/128;
                address src_term_to_split1_78 2620:0:1000:3103:eca0:2c09:6b32:e19c/128;
                address src_term_to_split1_79 2620:0:1000:3103:eca0:2c09:6b32:e19e/128;
                address src_term_to_split1_80 2620:0:1000:3103:eca0:2c09:6b32:e1a0/128;
                address src_term_to_split1_81 2620:0:1000:3103:eca0:2c09:6b32:e1a2/128;
                address src_term_to_split1_82 2620:0:1000:3103:eca0:2c09:6b32:e1a4/128;
                address src_term_to_split1_83 2620:0:1000:3103:eca0:2c09:6b32:e1a6/128;
                address src_term_to_split1_84 2620:0:1000:3103:eca0:2c09:6b32:e1a8/128;
                address src_term_to_split1_85 2620:0:1000:3103:eca0:2c09:6b32:e1aa/128;
                address src_term_to_split1_86 2620:0:1000:3103:eca0:2c09:6b32:e1ac/128;
                address src_term_to_split1_87 2620:0:1000:3103:eca0:2c09:6b32:e1ae/128;
                address src_term_to_split1_88 2620:0:1000:3103:eca0:2c09:6b32:e1b0/128;
                address src_term_to_split1_89 2620:0:1000:3103:eca0:2c09:6b32:e1b2/128;
                address src_term_to_split1_90 2620:0:1000:3103:eca0:2c09:6b32:e1b4/128;
                address src_term_to_split1_91 2620:0:1000:3103:eca0:2c09:6b32:e1b6/128;
                address src_term_to_split1_92 2620:0:1000:3103:eca0:2c09:6b32:e1b8/128;
                address src_term_to_split1_93 2620:0:1000:3103:eca0:2c09:6b32:e1ba/128;
                address src_term_to_split1_94 2620:0:1000:3103:eca0:2c09:6b32:e1bc/128;
                address src_term_to_split1_95 2620:0:1000:3103:eca0:2c09:6b32:e1be/128;
                address src_term_to_split1_96 2620:0:1000:3103:eca0:2c09:6b32:e1c0/128;
                address src_term_to_split1_97 2620:0:1000:3103:eca0:2c09:6b32:e1c2/128;
                address src_term_to_split1_98 2620:0:1000:3103:eca0:2c09:6b32:e1c4/128;
                address src_term_to_split1_99 2620:0:1000:3103:eca0:2c09:6b32:e1c6/128;
                address src_term_to_split1_100 2620:0:1000:3103:eca0:2c09:6b32:e1c8/128;
                address src_term_to_split1_101 2620:0:1000:3103:eca0:2c09:6b32:e1ca/128;
                address src_term_to_split1_102 2620:0:1000:3103:eca0:2c09:6b32:e1cc/128;
                address src_term_to_split1_103 2620:0:1000:3103:eca0:2c09:6b32:e1ce/128;
                address src_term_to_split1_104 2620:0:1000:3103:eca0:2c09:6b32:e1d0/128;
                address src_term_to_split1_105 2620:0:1000:3103:eca0:2c09:6b32:e1d2/128;
                address src_term_to_split1_106 2620:0:1000:3103:eca0:2c09:6b32:e1d4/128;
                address src_term_to_split1_107 2620:0:1000:3103:eca0:2c09:6b32:e1d6/128;
                address src_term_to_split1_108 2620:0:1000:3103:eca0:2c09:6b32:e1d8/128;
                address src_term_to_split1_109 2620:0:1000:3103:eca0:2c09:6b32:e1da/128;
                address src_term_to_split1_110 2620:0:1000:3103:eca0:2c09:6b32:e1dc/128;
                address src_term_to_split1_111 2620:0:1000:3103:eca0:2c09:6b32:e1de/128;
                address src_term_to_split1_112 2620:0:1000:3103:eca0:2c09:6b32:e1e0/128;
                address src_term_to_split1_113 2620:0:1000:3103:eca0:2c09:6b32:e1e2/128;
                address src_term_to_split1_114 2620:0:1000:3103:eca0:2c09:6b32:e1e4/128;
                address src_term_to_split1_115 2620:0:1000:3103:eca0:2c09:6b32:e1e6/128;
                address src_term_to_split1_116 2620:0:1000:3103:eca0:2c09:6b32:e1e8/128;
                address src_term_to_split1_117 2620:0:1000:3103:eca0:2c09:6b32:e1ea/128;
                address src_term_to_split1_118 2620:0:1000:3103:eca0:2c09:6b32:e1ec/128;
                address src_term_to_split1_119 2620:0:1000:3103:eca0:2c09:6b32:e1ee/128;
                address src_term_to_split1_120 2620:0:1000:3103:eca0:2c09:6b32:e1f0/128;
                address src_term_to_split1_121 2620:0:1000:3103:eca0:2c09:6b32:e1f2/128;
                address src_term_to_split1_122 2620:0:1000:3103:eca0:2c09:6b32:e1f4/128;
                address src_term_to_split1_123 2620:0:1000:3103:eca0:2c09:6b32:e1f6/128;
                address src_term_to_split1_124 2620:0:1000:3103:eca0:2c09:6b32:e1f8/128;
                address src_term_to_split1_125 2620:0:1000:3103:eca0:2c09:6b32:e1fa/128;
                address src_term_to_split1_126 2620:0:1000:3103:eca0:2c09:6b32:e1fc/128;
                address src_term_to_split1_127 2620:0:1000:3103:eca0:2c09:6b32:e1fe/128;
                address-set dst_term_to_split0 {
                    address dst_term_to_split0_0;
                    address dst_term_to_split0_1;
                    address dst_term_to_split0_2;
                    address dst_term_to_split0_3;
                    address dst_term_to_split0_4;
                    address dst_term_to_split0_5;
                    address dst_term_to_split0_6;
                    address dst_term_to_split0_7;
                    address dst_term_to_split0_8;
                    address dst_term_to_split0_9;
                    address dst_term_to_split0_10;
                    address dst_term_to_split0_11;
                    address dst_term_to_split0_12;
                    address dst_term_to_split0_13;
                    address dst_term_to_split0_14;
                    address dst_term_to_split0_15;
                    address dst_term_to_split0_16;
                    address dst_term_to_split0_17;
                    address dst_term_to_split0_18;
                    address dst_term_to_split0_19;
                    address dst_term_to_split0_20;
                    address dst_term_to_split0_21;
                    address dst_term_to_split0_22;
                    address dst_term_to_split0_23;
                    address dst_term_to_split0_24;
                    address dst_term_to_split0_25;
                    address dst_term_to_split0_26;
                    address dst_term_to_split0_27;
                    address dst_term_to_split0_28;
                    address dst_term_to_split0_29;
                    address dst_term_to_split0_30;
                    address dst_term_to_split0_31;
                    address dst_term_to_split0_32;
                    address dst_term_to_split0_33;
                    address dst_term_to_split0_34;
                    address dst_term_to_split0_35;
                    address dst_term_to_split0_36;
                    address dst_term_to_split0_37;
                    address dst_term_to_split0_38;
                    address dst_term_to_split0_39;
                    address dst_term_to_split0_40;
                    address dst_term_to_split0_41;
                    address dst_term_to_split0_42;
                    address dst_term_to_split0_43;
                    address dst_term_to_split0_44;
                    address dst_term_to_split0_45;
                    address dst_term_to_split0_46;
                    address dst_term_to_split0_47;
                    address dst_term_to_split0_48;
                    address dst_term_to_split0_49;
                    address dst_term_to_split0_50;
                    address dst_term_to_split0_51;
                    address dst_term_to_split0_52;
                    address dst_term_to_split0_53;
                    address dst_term_to_split0_54;
                    address dst_term_to_split0_55;
                    address dst_term_to_split0_56;
                    address dst_term_to_split0_57;
                    address dst_term_to_split0_58;
                    address dst_term_to_split0_59;
                    address dst_term_to_split0_60;
                    address dst_term_to_split0_61;
                    address dst_term_to_split0_62;
                    address dst_term_to_split0_63;
                    address dst_term_to_split0_64;
                    address dst_term_to_split0_65;
                    address dst_term_to_split0_66;
                    address dst_term_to_split0_67;
                    address dst_term_to_split0_68;
                    address dst_term_to_split0_69;
                    address dst_term_to_split0_70;
                    address dst_term_to_split0_71;
                    address dst_term_to_split0_72;
                    address dst_term_to_split0_73;
                    address dst_term_to_split0_74;
                    address dst_term_to_split0_75;
                    address dst_term_to_split0_76;
                    address dst_term_to_split0_77;
                    address dst_term_to_split0_78;
                    address dst_term_to_split0_79;
                    address dst_term_to_split0_80;
                    address dst_term_to_split0_81;
                    address dst_term_to_split0_82;
                    address dst_term_to_split0_83;
                    address dst_term_to_split0_84;
                    address dst_term_to_split0_85;
                    address dst_term_to_split0_86;
                    address dst_term_to_split0_87;
                    address dst_term_to_split0_88;
                    address dst_term_to_split0_89;
                    address dst_term_to_split0_90;
                    address dst_term_to_split0_91;
                    address dst_term_to_split0_92;
                    address dst_term_to_split0_93;
                    address dst_term_to_split0_94;
                    address dst_term_to_split0_95;
                    address dst_term_to_split0_96;
                    address dst_term_to_split0_97;
                    address dst_term_to_split0_98;
                    address dst_term_to_split0_99;
                    address dst_term_to_split0_100;
                    address dst_term_to_split0_101;
                    address dst_term_to_split0_102;
                    address dst_term_to_split0_103;
                    address dst_term_to_split0_104;
                    address dst_term_to_split0_105;
                    address dst_term_to_split0_106;
                    address dst_term_to_split0_107;
                    address dst_term_to_split0_108;
                    address dst_term_to_split0_109;
                    address dst_term_to_split0_110;
                    address dst_term_to_split0_111;
                    address dst_term_to_split0_112;
                    address dst_term_to_split0_113;
                    address dst_term_to_split0_114;
                    address dst_term_to_split0_115;
                    address dst_term_to_split0_116;
                    address dst_term_to_split0_117;
                    address dst_term_to_split0_118;
                    address dst_term_to_split0_119;
                    address dst_term_to_split0_120;
                    address dst_term_to_split0_121;
                    address dst_term_to_split0_122;
                    address dst_term_to_split0_123;
                    address dst_term_to_split0_124;
                    address dst_term_to_split0_125;
                    address dst_term_to_split0_126;
                    address dst_term_to_split0_127;
                }
                address-set dst_term_to_split1 {
                    address dst_term_to_split1_0;
                    address dst_term_to_split1_1;
                    address dst_term_to_split1_2;
                    address dst_term_to_split1_3;
                    address dst_term_to_split1_4;
                    address dst_term_to_split1_5;
                    address dst_term_to_split1_6;
                    address dst_term_to_split1_7;
                    address dst_term_to_split1_8;
                    address dst_term_to_split1_9;
                    address dst_term_to_split1_10;
                    address dst_term_to_split1_11;
                    address dst_term_to_split1_12;
                    address dst_term_to_split1_13;
                    address dst_term_to_split1_14;
                    address dst_term_to_split1_15;
                    address dst_term_to_split1_16;
                    address dst_term_to_split1_17;
                    address dst_term_to_split1_18;
                    address dst_term_to_split1_19;
                    address dst_term_to_split1_20;
                    address dst_term_to_split1_21;
                    address dst_term_to_split1_22;
                    address dst_term_to_split1_23;
                    address dst_term_to_split1_24;
                    address dst_term_to_split1_25;
                    address dst_term_to_split1_26;
                    address dst_term_to_split1_27;
                    address dst_term_to_split1_28;
                    address dst_term_to_split1_29;
                    address dst_term_to_split1_30;
                    address dst_term_to_split1_31;
                    address dst_term_to_split1_32;
                    address dst_term_to_split1_33;
                    address dst_term_to_split1_34;
                    address dst_term_to_split1_35;
                    address dst_term_to_split1_36;
                    address dst_term_to_split1_37;
                    address dst_term_to_split1_38;
                    address dst_term_to_split1_39;
                    address dst_term_to_split1_40;
                    address dst_term_to_split1_41;
                    address dst_term_to_split1_42;
                    address dst_term_to_split1_43;
                    address dst_term_to_split1_44;
                    address dst_term_to_split1_45;
                    address dst_term_to_split1_46;
                    address dst_term_to_split1_47;
                    address dst_term_to_split1_48;
                    address dst_term_to_split1_49;
                    address dst_term_to_split1_50;
                    address dst_term_to_split1_51;
                    address dst_term_to_split1_52;
                    address dst_term_to_split1_53;
                    address dst_term_to_split1_54;
                    address dst_term_to_split1_55;
                    address dst_term_to_split1_56;
                    address dst_term_to_split1_57;
                    address dst_term_to_split1_58;
                    address dst_term_to_split1_59;
                    address dst_term_to_split1_60;
                    address dst_term_to_split1_61;
                    address dst_term_to_split1_62;
                    address dst_term_to_split1_63;
                    address dst_term_to_split1_64;
                    address dst_term_to_split1_65;
                    address dst_term_to_split1_66;
                    address dst_term_to_split1_67;
                    address dst_term_to_split1_68;
                    address dst_term_to_split1_69;
                    address dst_term_to_split1_70;
                    address dst_term_to_split1_71;
                    address dst_term_to_split1_72;
                    address dst_term_to_split1_73;
                    address dst_term_to_split1_74;
                    address dst_term_to_split1_75;
                    address dst_term_to_split1_76;
                    address dst_term_to_split1_77;
                    address dst_term_to_split1_78;
                    address dst_term_to_split1_79;
                    address dst_term_to_split1_80;
                    address dst_term_to_split1_81;
                    address dst_term_to_split1_82;
                    address dst_term_to_split1_83;
                    address dst_term_to_split1_84;
                    address dst_term_to_split1_85;
                    address dst_term_to_split1_86;
                    address dst_term_to_split1_87;
                    address dst_term_to_split1_88;
                    address dst_term_to_split1_89;
                    address dst_term_to_split1_90;
                    address dst_term_to_split1_91;
                    address dst_term_to_split1_92;
                    address dst_term_to_split1_93;
                    address dst_term_to_split1_94;
                    address dst_term_to_split1_95;
                    address dst_term_to_split1_96;
                    address dst_term_to_split1_97;
                    address dst_term_to_split1_98;
                    address dst_term_to_split1_99;
                    address dst_term_to_split1_100;
                    address dst_term_to_split1_101;
                    address dst_term_to_split1_102;
                    address dst_term_to_split1_103;
                    address dst_term_to_split1_104;
                    address dst_term_to_split1_105;
                    address dst_term_to_split1_106;
                    address dst_term_to_split1_107;
                    address dst_term_to_split1_108;
                    address dst_term_to_split1_109;
                    address dst_term_to_split1_110;
                    address dst_term_to_split1_111;
                    address dst_term_to_split1_112;
                    address dst_term_to_split1_113;
                    address dst_term_to_split1_114;
                    address dst_term_to_split1_115;
                    address dst_term_to_split1_116;
                    address dst_term_to_split1_117;
                    address dst_term_to_split1_118;
                    address dst_term_to_split1_119;
                    address dst_term_to_split1_120;
                    address dst_term_to_split1_121;
                    address dst_term_to_split1_122;
                    address dst_term_to_split1_123;
                    address dst_term_to_split1_124;
                    address dst_term_to_split1_125;
                    address dst_term_to_split1_126;
                    address dst_term_to_split1_127;
                }
                address-set src_term_to_split0 {
                    address src_term_to_split0_0;
                    address src_term_to_split0_1;
                    address src_term_to_split0_2;
                    address src_term_to_split0_3;
                    address src_term_to_split0_4;
                    address src_term_to_split0_5;
                    address src_term_to_split0_6;
                    address src_term_to_split0_7;
                    address src_term_to_split0_8;
                    address src_term_to_split0_9;
                    address src_term_to_split0_10;
                    address src_term_to_split0_11;
                    address src_term_to_split0_12;
                    address src_term_to_split0_13;
                    address src_term_to_split0_14;
                    address src_term_to_split0_15;
                    address src_term_to_split0_16;
                    address src_term_to_split0_17;
                    address src_term_to_split0_18;
                    address src_term_to_split0_19;
                    address src_term_to_split0_20;
                    address src_term_to_split0_21;
                    address src_term_to_split0_22;
                    address src_term_to_split0_23;
                    address src_term_to_split0_24;
                    address src_term_to_split0_25;
                    address src_term_to_split0_26;
                    address src_term_to_split0_27;
                    address src_term_to_split0_28;
                    address src_term_to_split0_29;
                    address src_term_to_split0_30;
                    address src_term_to_split0_31;
                    address src_term_to_split0_32;
                    address src_term_to_split0_33;
                    address src_term_to_split0_34;
                    address src_term_to_split0_35;
                    address src_term_to_split0_36;
                    address src_term_to_split0_37;
                    address src_term_to_split0_38;
                    address src_term_to_split0_39;
                    address src_term_to_split0_40;
                    address src_term_to_split0_41;
                    address src_term_to_split0_42;
                    address src_term_to_split0_43;
                    address src_term_to_split0_44;
                    address src_term_to_split0_45;
                    address src_term_to_split0_46;
                    address src_term_to_split0_47;
                    address src_term_to_split0_48;
                    address src_term_to_split0_49;
                    address src_term_to_split0_50;
                    address src_term_to_split0_51;
                    address src_term_to_split0_52;
                    address src_term_to_split0_53;
                    address src_term_to_split0_54;
                    address src_term_to_split0_55;
                    address src_term_to_split0_56;
                    address src_term_to_split0_57;
                    address src_term_to_split0_58;
                    address src_term_to_split0_59;
                    address src_term_to_split0_60;
                    address src_term_to_split0_61;
                    address src_term_to_split0_62;
                    address src_term_to_split0_63;
                    address src_term_to_split0_64;
                    address src_term_to_split0_65;
                    address src_term_to_split0_66;
                    address src_term_to_split0_67;
                    address src_term_to_split0_68;
                    address src_term_to_split0_69;
                    address src_term_to_split0_70;
                    address src_term_to_split0_71;
                    address src_term_to_split0_72;
                    address src_term_to_split0_73;
                    address src_term_to_split0_74;
                    address src_term_to_split0_75;
                    address src_term_to_split0_76;
                    address src_term_to_split0_77;
                    address src_term_to_split0_78;
                    address src_term_to_split0_79;
                    address src_term_to_split0_80;
                    address src_term_to_split0_81;
                    address src_term_to_split0_82;
                    address src_term_to_split0_83;
                    address src_term_to_split0_84;
                    address src_term_to_split0_85;
                    address src_term_to_split0_86;
                    address src_term_to_split0_87;
                    address src_term_to_split0_88;
                    address src_term_to_split0_89;
                    address src_term_to_split0_90;
                    address src_term_to_split0_91;
                    address src_term_to_split0_92;
                    address src_term_to_split0_93;
                    address src_term_to_split0_94;
                    address src_term_to_split0_95;
                    address src_term_to_split0_96;
                    address src_term_to_split0_97;
                    address src_term_to_split0_98;
                    address src_term_to_split0_99;
                    address src_term_to_split0_100;
                    address src_term_to_split0_101;
                    address src_term_to_split0_102;
                    address src_term_to_split0_103;
                    address src_term_to_split0_104;
                    address src_term_to_split0_105;
                    address src_term_to_split0_106;
                    address src_term_to_split0_107;
                    address src_term_to_split0_108;
                    address src_term_to_split0_109;
                    address src_term_to_split0_110;
                    address src_term_to_split0_111;
                    address src_term_to_split0_112;
                    address src_term_to_split0_113;
                    address src_term_to_split0_114;
                    address src_term_to_split0_115;
                    address src_term_to_split0_116;
                    address src_term_to_split0_117;
                    address src_term_to_split0_118;
                    address src_term_to_split0_119;
                    address src_term_to_split0_120;
                    address src_term_to_split0_121;
                    address src_term_to_split0_122;
                    address src_term_to_split0_123;
                    address src_term_to_split0_124;
                    address src_term_to_split0_125;
                    address src_term_to_split0_126;
                    address src_term_to_split0_127;
                }
                address-set src_term_to_split1 {
                    address src_term_to_split1_0;
                    address src_term_to_split1_1;
                    address src_term_to_split1_2;
                    address src_term_to_split1_3;
                    address src_term_to_split1_4;
                    address src_term_to_split1_5;
                    address src_term_to_split1_6;
                    address src_term_to_split1_7;
                    address src_term_to_split1_8;
                    address src_term_to_split1_9;
                    address src_term_to_split1_10;
                    address src_term_to_split1_11;
                    address src_term_to_split1_12;
                    address src_term_to_split1_13;
                    address src_term_to_split1_14;
                    address src_term_to_split1_15;
                    address src_term_to_split1_16;
                    address src_term_to_split1_17;
                    address src_term_to_split1_18;
                    address src_term_to_split1_19;
                    address src_term_to_split1_20;
                    address src_term_to_split1_21;
                    address src_term_to_split1_22;
                    address src_term_to_split1_23;
                    address src_term_to_split1_24;
                    address src_term_to_split1_25;
                    address src_term_to_split1_26;
                    address src_term_to_split1_27;
                    address src_term_to_split1_28;
                    address src_term_to_split1_29;
                    address src_term_to_split1_30;
                    address src_term_to_split1_31;
                    address src_term_to_split1_32;
                    address src_term_to_split1_33;
                    address src_term_to_split1_34;
                    address src_term_to_split1_35;
                    address src_term_to_split1_36;
                    address src_term_to_split1_37;
                    address src_term_to_split1_38;
                    address src_term_to_split1_39;
                    address src_term_to_split1_40;
                    address src_term_to_split1_41;
                    address src_term_to_split1_42;
                    address src_term_to_split1_43;
                    address src_term_to_split1_44;
                    address src_term_to_split1_45;
                    address src_term_to_split1_46;
                    address src_term_to_split1_47;
                    address src_term_to_split1_48;
                    address src_term_to_split1_49;
                    address src_term_to_split1_50;
                    address src_term_to_split1_51;
                    address src_term_to_split1_52;
                    address src_term_to_split1_53;
                    address src_term_to_split1_54;
                    address src_term_to_split1_55;
                    address src_term_to_split1_56;
                    address src_term_to_split1_57;
                    address src_term_to_split1_58;
                    address src_term_to_split1_59;
                    address src_term_to_split1_60;
                    address src_term_to_split1_61;
                    address src_term_to_split1_62;
                    address src_term_to_split1_63;
                    address src_term_to_split1_64;
                    address src_term_to_split1_65;
                    address src_term_to_split1_66;
                    address src_term_to_split1_67;
                    address src_term_to_split1_68;
                    address src_term_to_split1_69;
                    address src_term_to_split1_70;
                    address src_term_to_split1_71;
                    address src_term_to_split1_72;
                    address src_term_to_split1_73;
                    address src_term_to_split1_74;
                    address src_term_to_split1_75;
                    address src_term_to_split1_76;
                    address src_term_to_split1_77;
                    address src_term_to_split1_78;
                    address src_term_to_split1_79;
                    address src_term_to_split1_80;
                    address src_term_to_split1_81;
                    address src_term_to_split1_82;
                    address src_term_to_split1_83;
                    address src_term_to_split1_84;
                    address src_term_to_split1_85;
                    address src_term_to_split1_86;
                    address src_term_to_split1_87;
                    address src_term_to_split1_88;
                    address src_term_to_split1_89;
                    address src_term_to_split1_90;
                    address src_term_to_split1_91;
                    address src_term_to_split1_92;
                    address src_term_to_split1_93;
                    address src_term_to_split1_94;
                    address src_term_to_split1_95;
                    address src_term_to_split1_96;
                    address src_term_to_split1_97;
                    address src_term_to_split1_98;
                    address src_term_to_split1_99;
                    address src_term_to_split1_100;
                    address src_term_to_split1_101;
                    address src_term_to_split1_102;
                    address src_term_to_split1_103;
                    address src_term_to_split1_104;
                    address src_term_to_split1_105;
                    address src_term_to_split1_106;
                    address src_term_to_split1_107;
                    address src_term_to_split1_108;
                    address src_term_to_split1_109;
                    address src_term_to_split1_110;
                    address src_term_to_split1_111;
                    address src_term_to_split1_112;
                    address src_term_to_split1_113;
                    address src_term_to_split1_114;
                    address src_term_to_split1_115;
                    address src_term_to_split1_116;
                    address src_term_to_split1_117;
                    address src_term_to_split1_118;
                    address src_term_to_split1_119;
                    address src_term_to_split1_120;
                    address src_term_to_split1_121;
                    address src_term_to_split1_122;
                    address src_term_to_split1_123;
                    address src_term_to_split1_124;
                    address src_term_to_split1_125;
                    address src_term_to_split1_126;
                    address src_term_to_split1_127;
                }
        }
    }
    /*
    $Id:$
    $Date:$
    $Revision:$
    */
    replace: policies {
        /*
        This is a header from untrust to trust
        */
        from-zone untrust to-zone trust {
            policy term_to_split_0 {
                match {
                    source-address [ src_term_to_split0 ];
                    destination-address [ dst_term_to_split0 ];
                    application term_to_split_0-app;
                }
                then {
                    permit;
                }
            }
            policy term_to_split_1 {
                match {
                    source-address [ src_term_to_split0 ];
                    destination-address [ dst_term_to_split1 ];
                    application term_to_split_0-app;
                }
                then {
                    permit;
                }
            }
            policy term_to_split_2 {
                match {
                    source-address [ src_term_to_split1 ];
                    destination-address [ dst_term_to_split0 ];
                    application term_to_split_0-app;
                }
                then {
                    permit;
                }
            }
            policy term_to_split_3 {
                match {
                    source-address [ src_term_to_split1 ];
                    destination-address [ dst_term_to_split1 ];
                    application term_to_split_0-app;
                }
                then {
                    permit;
                }
            }
        }
    }
}
replace: applications {
    application term_to_split_0-app1 {
        term t1 protocol tcp destination-port 25;
    }
    application-set term_to_split_0-app {
        application term_to_split_0-app1;
    }
}

