firewall {
    family inet6 {
        /*
         ** $Id:$
         ** $Date:$
         ** $Revision:$
         **
         ** this is a test acl
         */
        replace: filter test-filter {
            interface-specific;
            term good-term-2 {
                from {
                    next-header-except hop-by-hop;
                }
                then accept;
            }
        }
    }
}

