firewall {
    family inet6 {
        /*
         ** $Id:$
         ** $Date:$
         ** $Revision:$
         **
         ** this is a test acl
         */
        replace: filter test-filter {
            interface-specific;
            term good-term-3 {
                from {
                    next-header fragment;
                }
                then accept;
            }
        }
    }
}

