# begin:ipset-rules
create -exist good-term-1-src hash:net family inet hashsize 4 maxelem 4
add -exist good-term-1-src 10.0.0.0/24
add -exist good-term-1-src 10.1.0.0/24
# end:ipset-rules
# Ipset OUTPUT Policy
# this is a test acl
#
# $Id:$
# $Date:$
# $Revision:$
# inet
-P OUTPUT DROP
-A OUTPUT -p all -m set --match-set good-term-1-src src -m state --state NEW,ESTABLISHED,RELATED -j ACCEPT

