groups {
    replace:
    /*
     ** $Id:$
     ** $Date:$
     ** $Revision:$
     **
     */
    test-filter {
        services {
            stateful-firewall {
                rule test-filter {
                    match-direction input-output;
                    term good_term_26-v6 {
                        from {
                            application-sets test-filtergood_term_26-v6-app;
                        }
                        then {
                            reject;
                        }
                    }
                }
            }
        }
        applications {
            application test-filtergood_term_26-v6-app1 {
                protocol tcp;
                source-port 53;
            }
            application-set test-filtergood_term_26-v6-app {
                application test-filtergood_term_26-v6-app1;
            }
        }
    }
}
apply-groups test-filter;

