groups {
    replace:
    /*
     ** $Id:$
     ** $Date:$
     ** $Revision:$
     **
     ** this is a test acl
     */
    test-filter {
        services {
            stateful-firewall {
                rule test-filter {
                    match-direction input-output;
                    term good-term-5 {
                        from {
                            application-sets test-filtergood-term-5-app;
                        }
                        then {
                            accept;
                        }
                    }
                }
            }
        }
        applications {
            application test-filtergood-term-5-app1 {
                protocol icmp;
            }
            application test-filtergood-term-5-app2 {
                protocol tcp;
                destination-port 1-65535;
            }
            application-set test-filtergood-term-5-app {
                application test-filtergood-term-5-app1;
                application test-filtergood-term-5-app2;
            }
        }
    }
}
apply-groups test-filter;

