groups {
    replace:
    /*
     ** $Id:$
     ** $Date:$
     ** $Revision:$
     **
     ** this is a test acl
     */
    test-filter {
        services {
            stateful-firewall {
                rule test-filter {
                    match-direction input-output;
                    /*
                     ** Owner: foo@google.com
                     */
                    term owner-term {
                        then {
                            accept;
                        }
                    }
                }
            }
        }
    }
}
apply-groups test-filter;

